L:/1.Documents2/School/GameTech/Game-Technology-Labo/Opdracht_2/Opdracht_2/Opdracht_2_LaserTag_Game/Core/Src/main.c:67:5:__io_putchar	1
L:/1.Documents2/School/GameTech/Game-Technology-Labo/Opdracht_2/Opdracht_2/Opdracht_2_LaserTag_Game/Core/Src/main.c:79:5:main	2
L:/1.Documents2/School/GameTech/Game-Technology-Labo/Opdracht_2/Opdracht_2/Opdracht_2_LaserTag_Game/Core/Src/main.c:146:6:SystemClock_Config	4
L:/1.Documents2/School/GameTech/Game-Technology-Labo/Opdracht_2/Opdracht_2/Opdracht_2_LaserTag_Game/Core/Src/main.c:207:13:MX_TIM2_Init	8
L:/1.Documents2/School/GameTech/Game-Technology-Labo/Opdracht_2/Opdracht_2/Opdracht_2_LaserTag_Game/Core/Src/main.c:281:13:MX_USART2_UART_Init	2
L:/1.Documents2/School/GameTech/Game-Technology-Labo/Opdracht_2/Opdracht_2/Opdracht_2_LaserTag_Game/Core/Src/main.c:316:13:MX_GPIO_Init	1
L:/1.Documents2/School/GameTech/Game-Technology-Labo/Opdracht_2/Opdracht_2/Opdracht_2_LaserTag_Game/Core/Src/main.c:351:6:Error_Handler	1
