Component: Arm Compiler for Embedded 6.24 Tool: armlink [5f371500]

==============================================================================

Section Cross References

    startup_stm32l432xx.o(STACK) refers (Special) to heapauxi.o(.text) for __use_two_region_memory
    startup_stm32l432xx.o(HEAP) refers (Special) to heapauxi.o(.text) for __use_two_region_memory
    startup_stm32l432xx.o(RESET) refers (Special) to heapauxi.o(.text) for __use_two_region_memory
    startup_stm32l432xx.o(RESET) refers to startup_stm32l432xx.o(STACK) for __initial_sp
    startup_stm32l432xx.o(RESET) refers to startup_stm32l432xx.o(.text) for Reset_Handler
    startup_stm32l432xx.o(RESET) refers to stm32l4xx_it.o(.text.NMI_Handler) for NMI_Handler
    startup_stm32l432xx.o(RESET) refers to stm32l4xx_it.o(.text.HardFault_Handler) for HardFault_Handler
    startup_stm32l432xx.o(RESET) refers to stm32l4xx_it.o(.text.MemManage_Handler) for MemManage_Handler
    startup_stm32l432xx.o(RESET) refers to stm32l4xx_it.o(.text.BusFault_Handler) for BusFault_Handler
    startup_stm32l432xx.o(RESET) refers to stm32l4xx_it.o(.text.UsageFault_Handler) for UsageFault_Handler
    startup_stm32l432xx.o(RESET) refers to stm32l4xx_it.o(.text.SVC_Handler) for SVC_Handler
    startup_stm32l432xx.o(RESET) refers to stm32l4xx_it.o(.text.DebugMon_Handler) for DebugMon_Handler
    startup_stm32l432xx.o(RESET) refers to stm32l4xx_it.o(.text.PendSV_Handler) for PendSV_Handler
    startup_stm32l432xx.o(RESET) refers to stm32l4xx_it.o(.text.SysTick_Handler) for SysTick_Handler
    startup_stm32l432xx.o(RESET) refers to stm32l4xx_it.o(.text.TIM2_IRQHandler) for TIM2_IRQHandler
    startup_stm32l432xx.o(.text) refers (Special) to heapauxi.o(.text) for __use_two_region_memory
    startup_stm32l432xx.o(.text) refers to system_stm32l4xx.o(.text.SystemInit) for SystemInit
    startup_stm32l432xx.o(.text) refers to __main.o(!!!main) for __main
    startup_stm32l432xx.o(.text) refers to startup_stm32l432xx.o(HEAP) for Heap_Mem
    startup_stm32l432xx.o(.text) refers to startup_stm32l432xx.o(STACK) for Stack_Mem
    main.o(.text) refers (Special) to _printf_percent.o(.ARM.Collect$$_printf_percent$$00000000) for _printf_percent
    main.o(.text) refers (Special) to _printf_pad.o(.text) for _printf_pre_padding
    main.o(.text) refers (Special) to _printf_x.o(.ARM.Collect$$_printf_percent$$0000000C) for _printf_x
    main.o(.text) refers (Special) to _printf_d.o(.ARM.Collect$$_printf_percent$$00000009) for _printf_d
    main.o(.text) refers (Special) to _printf_dec.o(.text) for _printf_int_dec
    main.o(.text) refers (Special) to _printf_hex_int.o(.text) for _printf_longlong_hex
    main.o(.text.__io_putchar) refers (Special) to _printf_percent.o(.ARM.Collect$$_printf_percent$$00000000) for _printf_percent
    main.o(.text.__io_putchar) refers (Special) to _printf_pad.o(.text) for _printf_pre_padding
    main.o(.text.__io_putchar) refers (Special) to _printf_x.o(.ARM.Collect$$_printf_percent$$0000000C) for _printf_x
    main.o(.text.__io_putchar) refers (Special) to _printf_d.o(.ARM.Collect$$_printf_percent$$00000009) for _printf_d
    main.o(.text.__io_putchar) refers (Special) to _printf_dec.o(.text) for _printf_int_dec
    main.o(.text.__io_putchar) refers (Special) to _printf_hex_int.o(.text) for _printf_longlong_hex
    main.o(.text.__io_putchar) refers to main.o(.bss.huart2) for huart2
    main.o(.text.__io_putchar) refers to stm32l4xx_hal_uart.o(.text.HAL_UART_Transmit) for HAL_UART_Transmit
    main.o(.ARM.exidx.text.__io_putchar) refers (Special) to _printf_percent.o(.ARM.Collect$$_printf_percent$$00000000) for _printf_percent
    main.o(.ARM.exidx.text.__io_putchar) refers (Special) to _printf_pad.o(.text) for _printf_pre_padding
    main.o(.ARM.exidx.text.__io_putchar) refers (Special) to _printf_x.o(.ARM.Collect$$_printf_percent$$0000000C) for _printf_x
    main.o(.ARM.exidx.text.__io_putchar) refers (Special) to _printf_d.o(.ARM.Collect$$_printf_percent$$00000009) for _printf_d
    main.o(.ARM.exidx.text.__io_putchar) refers (Special) to _printf_dec.o(.text) for _printf_int_dec
    main.o(.ARM.exidx.text.__io_putchar) refers (Special) to _printf_hex_int.o(.text) for _printf_longlong_hex
    main.o(.ARM.exidx.text.__io_putchar) refers to main.o(.text.__io_putchar) for [Anonymous Symbol]
    main.o(.text.fputc) refers (Special) to _printf_percent.o(.ARM.Collect$$_printf_percent$$00000000) for _printf_percent
    main.o(.text.fputc) refers (Special) to _printf_pad.o(.text) for _printf_pre_padding
    main.o(.text.fputc) refers (Special) to _printf_x.o(.ARM.Collect$$_printf_percent$$0000000C) for _printf_x
    main.o(.text.fputc) refers (Special) to _printf_d.o(.ARM.Collect$$_printf_percent$$00000009) for _printf_d
    main.o(.text.fputc) refers (Special) to _printf_dec.o(.text) for _printf_int_dec
    main.o(.text.fputc) refers (Special) to _printf_hex_int.o(.text) for _printf_longlong_hex
[...]
    stm32l4xx_hal_pwr_ex.c                   0x00000000   Number         0  stm32l4xx_hal_pwr_ex.o ABSOLUTE
    stm32l4xx_hal_rcc.c                      0x00000000   Number         0  stm32l4xx_hal_rcc.o ABSOLUTE
    stm32l4xx_hal_rcc_ex.c                   0x00000000   Number         0  stm32l4xx_hal_rcc_ex.o ABSOLUTE
    stm32l4xx_hal_tim.c                      0x00000000   Number         0  stm32l4xx_hal_tim.o ABSOLUTE
    stm32l4xx_hal_tim_ex.c                   0x00000000   Number         0  stm32l4xx_hal_tim_ex.o ABSOLUTE
    stm32l4xx_hal_uart.c                     0x00000000   Number         0  stm32l4xx_hal_uart.o ABSOLUTE
    stm32l4xx_hal_uart_ex.c                  0x00000000   Number         0  stm32l4xx_hal_uart_ex.o ABSOLUTE
    stm32l4xx_it.c                           0x00000000   Number         0  stm32l4xx_it.o ABSOLUTE
    system_stm32l4xx.c                       0x00000000   Number         0  system_stm32l4xx.o ABSOLUTE
    RESET                                    0x08000000   Section      396  startup_stm32l432xx.o(RESET)
    !!!main                                  0x0800018c   Section        8  __main.o(!!!main)
    !!!scatter                               0x08000194   Section       92  __scatter.o(!!!scatter)
    !!handler_copy                           0x080001f0   Section       26  __scatter_copy.o(!!handler_copy)
    !!handler_null                           0x0800020c   Section        2  __scatter.o(!!handler_null)
    !!handler_zi                             0x08000210   Section       28  __scatter_zi.o(!!handler_zi)
    .ARM.Collect$$_printf_percent$$00000000  0x0800022c   Section        0  _printf_percent.o(.ARM.Collect$$_printf_percent$$00000000)
    .ARM.Collect$$_printf_percent$$00000009  0x0800022c   Section        6  _printf_d.o(.ARM.Collect$$_printf_percent$$00000009)
    .ARM.Collect$$_printf_percent$$0000000C  0x08000232   Section        6  _printf_x.o(.ARM.Collect$$_printf_percent$$0000000C)
    .ARM.Collect$$_printf_percent$$00000017  0x08000238   Section        4  _printf_percent_end.o(.ARM.Collect$$_printf_percent$$00000017)
    .ARM.Collect$$libinit$$00000000          0x0800023c   Section        2  libinit.o(.ARM.Collect$$libinit$$00000000)
    .ARM.Collect$$libinit$$00000001          0x0800023e   Section        4  libinit2.o(.ARM.Collect$$libinit$$00000001)
    .ARM.Collect$$libinit$$00000004          0x08000242   Section        0  libinit2.o(.ARM.Collect$$libinit$$00000004)
    .ARM.Collect$$libinit$$00000006          0x08000242   Section        0  libinit2.o(.ARM.Collect$$libinit$$00000006)
    .ARM.Collect$$libinit$$00000007          0x08000242   Section        8  libinit2.o(.ARM.Collect$$libinit$$00000007)
    .ARM.Collect$$libinit$$0000000C          0x0800024a   Section        0  libinit2.o(.ARM.Collect$$libinit$$0000000C)
    .ARM.Collect$$libinit$$0000000E          0x0800024a   Section        0  libinit2.o(.ARM.Collect$$libinit$$0000000E)
    .ARM.Collect$$libinit$$00000010          0x0800024a   Section        0  libinit2.o(.ARM.Collect$$libinit$$00000010)
    .ARM.Collect$$libinit$$00000013          0x0800024a   Section        0  libinit2.o(.ARM.Collect$$libinit$$00000013)
    .ARM.Collect$$libinit$$00000015          0x0800024a   Section        0  libinit2.o(.ARM.Collect$$libinit$$00000015)
    .ARM.Collect$$libinit$$00000017          0x0800024a   Section        0  libinit2.o(.ARM.Collect$$libinit$$00000017)
    .ARM.Collect$$libinit$$00000019          0x0800024a   Section        0  libinit2.o(.ARM.Collect$$libinit$$00000019)
    .ARM.Collect$$libinit$$0000001B          0x0800024a   Section        0  libinit2.o(.ARM.Collect$$libinit$$0000001B)
    .ARM.Collect$$libinit$$0000001D          0x0800024a   Section        0  libinit2.o(.ARM.Collect$$libinit$$0000001D)
    .ARM.Collect$$libinit$$0000001F          0x0800024a   Section        0  libinit2.o(.ARM.Collect$$libinit$$0000001F)
    .ARM.Collect$$libinit$$00000021          0x0800024a   Section        0  libinit2.o(.ARM.Collect$$libinit$$00000021)
    .ARM.Collect$$libinit$$00000023          0x0800024a   Section        0  libinit2.o(.ARM.Collect$$libinit$$00000023)
    .ARM.Collect$$libinit$$00000025          0x0800024a   Section        0  libinit2.o(.ARM.Collect$$libinit$$00000025)
    .ARM.Collect$$libinit$$00000026          0x0800024a   Section        4  libinit2.o(.ARM.Collect$$libinit$$00000026)
    .ARM.Collect$$libinit$$00000027          0x0800024e   Section        0  libinit2.o(.ARM.Collect$$libinit$$00000027)
    .ARM.Collect$$libinit$$0000002E          0x0800024e   Section        0  libinit2.o(.ARM.Collect$$libinit$$0000002E)
    .ARM.Collect$$libinit$$00000030          0x0800024e   Section        0  libinit2.o(.ARM.Collect$$libinit$$00000030)
    .ARM.Collect$$libinit$$00000032          0x0800024e   Section        0  libinit2.o(.ARM.Collect$$libinit$$00000032)
    .ARM.Collect$$libinit$$00000034          0x0800024e   Section        0  libinit2.o(.ARM.Collect$$libinit$$00000034)
    .ARM.Collect$$libinit$$00000035          0x0800024e   Section        2  libinit2.o(.ARM.Collect$$libinit$$00000035)
    .ARM.Collect$$libshutdown$$00000000      0x08000250   Section        2  libshutdown.o(.ARM.Collect$$libshutdown$$00000000)
    .ARM.Collect$$libshutdown$$00000002      0x08000252   Section        0  libshutdown2.o(.ARM.Collect$$libshutdown$$00000002)
    .ARM.Collect$$libshutdown$$00000003      0x08000252   Section        4  libshutdown2.o(.ARM.Collect$$libshutdown$$00000003)
    .ARM.Collect$$libshutdown$$00000004      0x08000256   Section        0  libshutdown2.o(.ARM.Collect$$libshutdown$$00000004)
    .ARM.Collect$$libshutdown$$00000007      0x08000256   Section        0  libshutdown2.o(.ARM.Collect$$libshutdown$$00000007)
    .ARM.Collect$$libshutdown$$0000000A      0x08000256   Section        0  libshutdown2.o(.ARM.Collect$$libshutdown$$0000000A)
    .ARM.Collect$$libshutdown$$0000000C      0x08000256   Section        0  libshutdown2.o(.ARM.Collect$$libshutdown$$0000000C)
    .ARM.Collect$$libshutdown$$0000000F      0x08000256   Section        0  libshutdown2.o(.ARM.Collect$$libshutdown$$0000000F)
    .ARM.Collect$$libshutdown$$00000010      0x08000256   Section        2  libshutdown2.o(.ARM.Collect$$libshutdown$$00000010)
    .ARM.Collect$$rtentry$$00000000          0x08000258   Section        0  __rtentry.o(.ARM.Collect$$rtentry$$00000000)
    .ARM.Collect$$rtentry$$00000002          0x08000258   Section        0  __rtentry2.o(.ARM.Collect$$rtentry$$00000002)
    .ARM.Collect$$rtentry$$00000004          0x08000258   Section        6  __rtentry4.o(.ARM.Collect$$rtentry$$00000004)
    .ARM.Collect$$rtentry$$00000009          0x0800025e   Section        0  __rtentry2.o(.ARM.Collect$$rtentry$$00000009)
    .ARM.Collect$$rtentry$$0000000A          0x0800025e   Section        4  __rtentry2.o(.ARM.Collect$$rtentry$$0000000A)
    .ARM.Collect$$rtentry$$0000000C          0x08000262   Section        0  __rtentry2.o(.ARM.Collect$$rtentry$$0000000C)
    .ARM.Collect$$rtentry$$0000000D          0x08000262   Section        8  __rtentry2.o(.ARM.Collect$$rtentry$$0000000D)
    .ARM.Collect$$rtexit$$00000000           0x0800026a   Section        2  rtexit.o(.ARM.Collect$$rtexit$$00000000)
    .ARM.Collect$$rtexit$$00000002           0x0800026c   Section        0  rtexit2.o(.ARM.Collect$$rtexit$$00000002)
    .ARM.Collect$$rtexit$$00000003           0x0800026c   Section        4  rtexit2.o(.ARM.Collect$$rtexit$$00000003)
    .ARM.Collect$$rtexit$$00000004           0x08000270   Section        6  rtexit2.o(.ARM.Collect$$rtexit$$00000004)
    $v0                                      0x08000278   Number         0  startup_stm32l432xx.o(.text)
    .text                                    0x08000278   Section       64  startup_stm32l432xx.o(.text)
    .text                                    0x080002b8   Section      240  lludivv7m.o(.text)
    .text                                    0x080003a8   Section        0  noretval__2printf.o(.text)
    .text                                    0x080003c0   Section        0  _printf_pad.o(.text)
    .text                                    0x08000410   Section        0  _printf_dec.o(.text)
    .text                                    0x08000488   Section        0  _printf_hex_int.o(.text)
    .text                                    0x080004e0   Section        0  __printf_flags_wp.o(.text)
    .text                                    0x08000620   Section        0  puts.o(.text)
    .text                                    0x0800064c   Section        0  setvbuf.o(.text)
    .text                                    0x08000692   Section       78  rt_memclr_w.o(.text)
    .text                                    0x080006e0   Section        0  heapauxi.o(.text)
    .text                                    0x080006e6   Section        0  _printf_intcommon.o(.text)
    .text                                    0x08000798   Section        0  _printf_char_file.o(.text)
    .text                                    0x080007bc   Section        0  initio.o(.text)
    .text                                    0x080008f4   Section        0  h1_free.o(.text)
    _printf_input_char                       0x08000945   Thumb Code    10  _printf_char_common.o(.text)
    .text                                    0x08000944   Section        0  _printf_char_common.o(.text)
    .text                                    0x08000974   Section        0  ferror.o(.text)
    _freopen_locked                          0x0800097d   Thumb Code     0  fopen.o(.text)
    .text                                    0x0800097c   Section        0  fopen.o(.text)
    .text                                    0x08000a6c   Section        0  fclose.o(.text)
    .text                                    0x08000ab8   Section        0  defsig_rtred_outer.o(.text)
    .text                                    0x08000ac6   Section        0  sys_io.o(.text)
    .text                                    0x08000b2c   Section       74  sys_stackheap_outer.o(.text)
    .text                                    0x08000b78   Section        8  rt_heap_descriptor_intlibspace.o(.text)
    .text                                    0x08000b80   Section        0  hguard.o(.text)
    .text                                    0x08000b84   Section        0  init_alloc.o(.text)
    .text                                    0x08000c0e   Section        0  h1_alloc.o(.text)
    .text                                    0x08000c6c   Section        0  fseek.o(.text)
    .text                                    0x08000d64   Section        0  stdio.o(.text)
    .text                                    0x08000e72   Section        0  exit.o(.text)
    .text                                    0x08000e84   Section        0  defsig_exit.o(.text)
    .text                                    0x08000e90   Section        0  defsig_rtred_inner.o(.text)
    .text                                    0x08000ec4   Section        0  sys_exit.o(.text)
    .text                                    0x08000ed0   Section        8  libspace.o(.text)
    .text                                    0x08000ed8   Section        2  use_no_semi.o(.text)
    .text                                    0x08000eda   Section        0  indicate_semi.o(.text)
    .text                                    0x08000eda   Section        0  maybetermalloc1.o(.text)
    .text                                    0x08000eda   Section        0  h1_init.o(.text)
    .text                                    0x08000ee6   Section        0  h1_extend.o(.text)
    .text                                    0x08000f1a   Section        0  ftell.o(.text)
    .text                                    0x08000f5c   Section        0  defsig_general.o(.text)
    .text                                    0x08000f8e   Section        0  defsig_rtmem_outer.o(.text)
    .text                                    0x08000f9c   Section        0  strlen.o(.text)
    .text                                    0x08000fda   Section        0  sys_wrch.o(.text)
    .text                                    0x08000fe8   Section        8  rt_errno_addr_intlibspace.o(.text)
    .text                                    0x08000ff0   Section        0  defsig_rtmem_inner.o(.text)
    [Anonymous Symbol]                       0x08001040   Section        0  stm32l4xx_it.o(.text.BusFault_Handler)
    [Anonymous Symbol]                       0x08001044   Section        0  stm32l4xx_it.o(.text.DebugMon_Handler)
    [Anonymous Symbol]                       0x08001048   Section        0  main.o(.text.Error_Handler)
    [Anonymous Symbol]                       0x08001054   Section        0  stm32l4xx_hal_gpio.o(.text.HAL_GPIO_Init)
    [Anonymous Symbol]                       0x0800120c   Section        0  stm32l4xx_hal_gpio.o(.text.HAL_GPIO_WritePin)
    [Anonymous Symbol]                       0x08001218   Section        0  stm32l4xx_hal.o(.text.HAL_GetTick)
    [Anonymous Symbol]                       0x08001224   Section        0  stm32l4xx_hal.o(.text.HAL_IncTick)
    [Anonymous Symbol]                       0x08001240   Section        0  stm32l4xx_hal.o(.text.HAL_Init)
    [Anonymous Symbol]                       0x08001260   Section        0  stm32l4xx_hal.o(.text.HAL_InitTick)
    [Anonymous Symbol]                       0x080012b0   Section        0  stm32l4xx_hal_msp.o(.text.HAL_MspInit)
    [Anonymous Symbol]                       0x080012e4   Section        0  stm32l4xx_hal_cortex.o(.text.HAL_NVIC_EnableIRQ)
    [Anonymous Symbol]                       0x08001308   Section        0  stm32l4xx_hal_cortex.o(.text.HAL_NVIC_SetPriority)
    [Anonymous Symbol]                       0x08001360   Section        0  stm32l4xx_hal_cortex.o(.text.HAL_NVIC_SetPriorityGrouping)
    [Anonymous Symbol]                       0x08001380   Section        0  stm32l4xx_hal_pwr_ex.o(.text.HAL_PWREx_ControlVoltageScaling)
    [Anonymous Symbol]                       0x0800140c   Section        0  stm32l4xx_hal_pwr_ex.o(.text.HAL_PWREx_GetVoltageRange)
    [Anonymous Symbol]                       0x0800141c   Section        0  stm32l4xx_hal_pwr.o(.text.HAL_PWR_EnableBkUpAccess)
    [Anonymous Symbol]                       0x08001430   Section        0  stm32l4xx_hal_rcc_ex.o(.text.HAL_RCCEx_EnableMSIPLLMode)
    [Anonymous Symbol]                       0x08001444   Section        0  stm32l4xx_hal_rcc_ex.o(.text.HAL_RCCEx_PeriphCLKConfig)
    [Anonymous Symbol]                       0x080016c8   Section        0  stm32l4xx_hal_rcc.o(.text.HAL_RCC_ClockConfig)
    [Anonymous Symbol]                       0x08001908   Section        0  stm32l4xx_hal_rcc.o(.text.HAL_RCC_GetPCLK1Freq)
    [Anonymous Symbol]                       0x08001934   Section        0  stm32l4xx_hal_rcc.o(.text.HAL_RCC_GetPCLK2Freq)
    [Anonymous Symbol]                       0x08001960   Section        0  stm32l4xx_hal_rcc.o(.text.HAL_RCC_GetSysClockFreq)
    [Anonymous Symbol]                       0x08001a28   Section        0  stm32l4xx_hal_rcc.o(.text.HAL_RCC_OscConfig)
    [Anonymous Symbol]                       0x0800221c   Section        0  stm32l4xx_hal_cortex.o(.text.HAL_SYSTICK_Config)
    [Anonymous Symbol]                       0x08002248   Section        0  stm32l4xx_hal_tim_ex.o(.text.HAL_TIMEx_Break2Callback)
    [Anonymous Symbol]                       0x0800224c   Section        0  stm32l4xx_hal_tim_ex.o(.text.HAL_TIMEx_BreakCallback)
    [Anonymous Symbol]                       0x08002250   Section        0  stm32l4xx_hal_tim_ex.o(.text.HAL_TIMEx_CommutCallback)
    [Anonymous Symbol]                       0x08002254   Section        0  stm32l4xx_hal_tim_ex.o(.text.HAL_TIMEx_MasterConfigSynchronization)
    [Anonymous Symbol]                       0x080022c0   Section        0  stm32l4xx_hal_tim.o(.text.HAL_TIM_Base_Init)
    [Anonymous Symbol]                       0x080023ac   Section        0  stm32l4xx_hal_msp.o(.text.HAL_TIM_Base_MspInit)
    [Anonymous Symbol]                       0x08002420   Section        0  stm32l4xx_hal_tim.o(.text.HAL_TIM_ConfigClockSource)
    [Anonymous Symbol]                       0x0800263c   Section        0  stm32l4xx_it.o(.text.HAL_TIM_IC_CaptureCallback)
    [Anonymous Symbol]                       0x08002678   Section        0  stm32l4xx_hal_tim.o(.text.HAL_TIM_IC_ConfigChannel)
    [Anonymous Symbol]                       0x08002838   Section        0  stm32l4xx_hal_tim.o(.text.HAL_TIM_IC_Init)
    [Anonymous Symbol]                       0x08002924   Section        0  stm32l4xx_hal_tim.o(.text.HAL_TIM_IC_MspInit)
    [Anonymous Symbol]                       0x08002928   Section        0  stm32l4xx_hal_tim.o(.text.HAL_TIM_IC_Start_IT)
    [Anonymous Symbol]                       0x08002a7c   Section        0  stm32l4xx_hal_tim.o(.text.HAL_TIM_IRQHandler)
    [Anonymous Symbol]                       0x08002be8   Section        0  stm32l4xx_hal_tim.o(.text.HAL_TIM_OC_DelayElapsedCallback)
    [Anonymous Symbol]                       0x08002bec   Section        0  stm32l4xx_hal_tim.o(.text.HAL_TIM_PWM_PulseFinishedCallback)
    [Anonymous Symbol]                       0x08002bf0   Section        0  stm32l4xx_it.o(.text.HAL_TIM_PeriodElapsedCallback)
    [Anonymous Symbol]                       0x08002c00   Section        0  stm32l4xx_hal_tim.o(.text.HAL_TIM_ReadCapturedValue)
    [Anonymous Symbol]                       0x08002c18   Section        0  stm32l4xx_hal_tim.o(.text.HAL_TIM_SlaveConfigSynchro)
    [Anonymous Symbol]                       0x08002c70   Section        0  stm32l4xx_hal_tim.o(.text.HAL_TIM_TriggerCallback)
    [Anonymous Symbol]                       0x08002c74   Section        0  stm32l4xx_hal_uart.o(.text.HAL_UART_Init)
    [Anonymous Symbol]                       0x08002cd4   Section        0  stm32l4xx_hal_msp.o(.text.HAL_UART_MspInit)
    [Anonymous Symbol]                       0x08002d78   Section        0  stm32l4xx_hal_uart.o(.text.HAL_UART_Transmit)
    [Anonymous Symbol]                       0x08002ed8   Section        0  stm32l4xx_it.o(.text.HardFault_Handler)
    [Anonymous Symbol]                       0x08002edc   Section        0  stm32l4xx_it.o(.text.MemManage_Handler)
    [Anonymous Symbol]                       0x08002ee0   Section        0  stm32l4xx_it.o(.text.NMI_Handler)
    [Anonymous Symbol]                       0x08002ee4   Section        0  stm32l4xx_it.o(.text.PendSV_Handler)
    [Anonymous Symbol]                       0x08002ee8   Section        0  rc5_decode.o(.text.RC5_DataSampling)
    [Anonymous Symbol]                       0x08003010   Section        0  rc5_decode.o(.text.RC5_Decode)
    [Anonymous Symbol]                       0x08003070   Section        0  rc5_decode.o(.text.RC5_Init_Timing)
    [Anonymous Symbol]                       0x080030b0   Section        0  rc5_decode.o(.text.RC5_ResetPacket)
    RCCEx_PLLSAI1_Config                     0x080030d1   Thumb Code   328  stm32l4xx_hal_rcc_ex.o(.text.RCCEx_PLLSAI1_Config)
    [Anonymous Symbol]                       0x080030d0   Section        0  stm32l4xx_hal_rcc_ex.o(.text.RCCEx_PLLSAI1_Config)
    [Anonymous Symbol]                       0x08003218   Section        0  stm32l4xx_it.o(.text.SVC_Handler)
    [Anonymous Symbol]                       0x0800321c   Section        0  stm32l4xx_it.o(.text.SysTick_Handler)
    [Anonymous Symbol]                       0x08003220   Section        0  main.o(.text.SystemClock_Config)
    [Anonymous Symbol]                       0x080032c4   Section        0  system_stm32l4xx.o(.text.SystemInit)
    [Anonymous Symbol]                       0x080032d8   Section        0  stm32l4xx_it.o(.text.TIM2_IRQHandler)
    TIM_SlaveTimer_SetConfig                 0x080032e5   Thumb Code   334  stm32l4xx_hal_tim.o(.text.TIM_SlaveTimer_SetConfig)
    [Anonymous Symbol]                       0x080032e4   Section        0  stm32l4xx_hal_tim.o(.text.TIM_SlaveTimer_SetConfig)
    [Anonymous Symbol]                       0x08003434   Section        0  stm32l4xx_hal_uart.o(.text.UART_AdvFeatureConfig)
    [Anonymous Symbol]                       0x0800351c   Section        0  stm32l4xx_hal_uart.o(.text.UART_CheckIdleState)
    [Anonymous Symbol]                       0x08003684   Section        0  stm32l4xx_hal_uart.o(.text.UART_SetConfig)
    [Anonymous Symbol]                       0x08003884   Section        0  stm32l4xx_hal_uart.o(.text.UART_WaitOnFlagUntilTimeout)
    [Anonymous Symbol]                       0x08003bc4   Section        0  stm32l4xx_it.o(.text.UsageFault_Handler)
    [Anonymous Symbol]                       0x08003bc8   Section        0  main.o(.text.fputc)
    [Anonymous Symbol]                       0x08003be8   Section        0  main.o(.text.main)
    i._is_digit                              0x08003e50   Section        0  __printf_wp.o(i._is_digit)
    $v0                                      0x08003e5e   Number         0  fpinit.o(x$fpl$fpinit)
    x$fpl$fpinit                             0x08003e5e   Section       26  fpinit.o(x$fpl$fpinit)
    uc_hextab                                0x08003e78   Data          20  _printf_hex_int.o(.constdata)
    .constdata                               0x08003e78   Section       40  _printf_hex_int.o(.constdata)
    lc_hextab                                0x08003e8c   Data          20  _printf_hex_int.o(.constdata)
    maptable                                 0x08003ea0   Data          17  __printf_flags_wp.o(.constdata)
    .constdata                               0x08003ea0   Section       17  __printf_flags_wp.o(.constdata)
    .constdata                               0x08003eb1   Section        4  sys_io_names.o(.constdata)
    .constdata                               0x08003eb5   Section        4  sys_io_names.o(.constdata)
    .constdata                               0x08003eb9   Section        4  sys_io_names.o(.constdata)
    .Lswitch.table.HAL_TIM_IC_Start_IT       0x08003f10   Data          16  stm32l4xx_hal_tim.o(.rodata.cst16)
    .Lswitch.table.HAL_TIM_IC_Stop_IT        0x08003f20   Data          16  stm32l4xx_hal_tim.o(.rodata.cst16)
    .Lswitch.table.HAL_TIM_IC_Stop_DMA       0x08003f30   Data          16  stm32l4xx_hal_tim.o(.rodata.cst16)
    .Lswitch.table.UART_SetConfig.2          0x08003f40   Data          16  stm32l4xx_hal_uart.o(.rodata.cst16)
    .L.str.1                                 0x08003f50   Data          66  main.o(.rodata.str1.1)
    [Anonymous Symbol]                       0x08003f50   Section        0  main.o(.rodata.str1.1)
    .data                                    0x20000000   Section        4  stdio_streams.o(.data)
    .data                                    0x20000004   Section        4  stdio_streams.o(.data)
    .data                                    0x20000008   Section        4  stdio_streams.o(.data)
    .L_MergedGlobals                         0x2000000c   Data           8  stm32l4xx_hal.o(.data..L_MergedGlobals)
    [Anonymous Symbol]                       0x2000000c   Section        0  stm32l4xx_hal.o(.data..L_MergedGlobals)
    .bss                                     0x20000018   Section       84  stdio_streams.o(.bss)
    .bss                                     0x2000006c   Section       84  stdio_streams.o(.bss)
    .bss                                     0x200000c0   Section       84  stdio_streams.o(.bss)
    .bss                                     0x20000114   Section       96  libspace.o(.bss)
    .L_MergedGlobals                         0x20000174   Data          38  rc5_decode.o(.bss..L_MergedGlobals)
    [Anonymous Symbol]                       0x20000174   Section        0  rc5_decode.o(.bss..L_MergedGlobals)
    Heap_Mem                                 0x20000278   Data         512  startup_stm32l432xx.o(HEAP)
    HEAP                                     0x20000278   Section      512  startup_stm32l432xx.o(HEAP)
    Stack_Mem                                0x20000478   Data        1024  startup_stm32l432xx.o(STACK)
    STACK                                    0x20000478   Section     1024  startup_stm32l432xx.o(STACK)
    __initial_sp                             0x20000878   Data           0  startup_stm32l432xx.o(STACK)

    Global Symbols

    Symbol Name                              Value     Ov Type        Size  Object(Section)

    BuildAttributes$$THM_ISAv4$E$P$D$K$B$S$7EM$VFPi3$EXTD16$VFPS$VFMA$PE$A:L22UL41UL21$X:L11$S22US41US21$IEEE1$IW$~IW$USESV6$~STKCKD$USESV7$~SHL$OTIME$ROPI$EBA8$UX$STANDARDLIB$REQ8$PRES8$EABIv2 0x00000000   Number         0  anon$$obj.o ABSOLUTE
    _printf_flags                            0x00000000   Number         0  printf_stubs.o ABSOLUTE
    _printf_return_value                     0x00000000   Number         0  printf_stubs.o ABSOLUTE
    _printf_sizespec                         0x00000000   Number         0  printf_stubs.o ABSOLUTE
    _printf_widthprec                        0x00000000   Number         0  printf_stubs.o ABSOLUTE
    __ARM_exceptions_init                     - Undefined Weak Reference
    __alloca_initialize                       - Undefined Weak Reference
    __arm_preinit_                            - Undefined Weak Reference
    __arm_relocate_pie_                       - Undefined Weak Reference
    __cpp_initialize__aeabi_                  - Undefined Weak Reference
    __cxa_finalize                            - Undefined Weak Reference
    __rt_locale                               - Undefined Weak Reference
    __sigvec_lookup                           - Undefined Weak Reference
    __user_heap_extent                        - Undefined Weak Reference
    _atexit_init                              - Undefined Weak Reference
    _call_atexit_fns                          - Undefined Weak Reference
    _clock_init                               - Undefined Weak Reference
    _fp_trap_init                             - Undefined Weak Reference
    _fp_trap_shutdown                         - Undefined Weak Reference
    _get_lc_collate                           - Undefined Weak Reference
    _get_lc_ctype                             - Undefined Weak Reference
    _get_lc_monetary                          - Undefined Weak Reference
    _get_lc_numeric                           - Undefined Weak Reference
    _get_lc_time                              - Undefined Weak Reference
    _getenv_init                              - Undefined Weak Reference
    _handle_redirection                       - Undefined Weak Reference
    _mutex_acquire                            - Undefined Weak Reference
    _mutex_free                               - Undefined Weak Reference
    _mutex_release                            - Undefined Weak Reference
    _printf_truncate_signed                   - Undefined Weak Reference
    _printf_truncate_unsigned                 - Undefined Weak Reference
    _rand_init                                - Undefined Weak Reference
    _signal_finish                            - Undefined Weak Reference
    _signal_init                              - Undefined Weak Reference
    __Vectors_Size                           0x0000018c   Number         0  startup_stm32l432xx.o ABSOLUTE
    __Vectors                                0x08000000   Data           4  startup_stm32l432xx.o(RESET)
    __Vectors_End                            0x0800018c   Data           0  startup_stm32l432xx.o(RESET)
    __main                                   0x0800018d   Thumb Code     8  __main.o(!!!main)
    __scatterload                            0x08000195   Thumb Code     0  __scatter.o(!!!scatter)
    __scatterload_rt2                        0x08000195   Thumb Code    84  __scatter.o(!!!scatter)
    __scatterload_rt2_thumb_only             0x08000195   Thumb Code     0  __scatter.o(!!!scatter)
    __scatterload_loop                       0x0800019f   Thumb Code     0  __scatter.o(!!!scatter)
    __scatterload_copy                       0x080001f1   Thumb Code    26  __scatter_copy.o(!!handler_copy)
    __scatterload_null                       0x0800020d   Thumb Code     2  __scatter.o(!!handler_null)
    __scatterload_zeroinit                   0x08000211   Thumb Code    28  __scatter_zi.o(!!handler_zi)
    _printf_d                                0x0800022d   Thumb Code     0  _printf_d.o(.ARM.Collect$$_printf_percent$$00000009)
    _printf_percent                          0x0800022d   Thumb Code     0  _printf_percent.o(.ARM.Collect$$_printf_percent$$00000000)
    _printf_x                                0x08000233   Thumb Code     0  _printf_x.o(.ARM.Collect$$_printf_percent$$0000000C)
    _printf_percent_end                      0x08000239   Thumb Code     0  _printf_percent_end.o(.ARM.Collect$$_printf_percent$$00000017)
    __rt_lib_init                            0x0800023d   Thumb Code     0  libinit.o(.ARM.Collect$$libinit$$00000000)
    __rt_lib_init_fp_1                       0x0800023f   Thumb Code     0  libinit2.o(.ARM.Collect$$libinit$$00000001)
    __rt_lib_init_heap_2                     0x08000243   Thumb Code     0  libinit2.o(.ARM.Collect$$libinit$$00000007)
    __rt_lib_init_preinit_1                  0x08000243   Thumb Code     0  libinit2.o(.ARM.Collect$$libinit$$00000006)
    __rt_lib_init_relocate_pie_1             0x08000243   Thumb Code     0  libinit2.o(.ARM.Collect$$libinit$$00000004)
    __rt_lib_init_atexit_1                   0x0800024b   Thumb Code     0  libinit2.o(.ARM.Collect$$libinit$$0000001D)
    __rt_lib_init_clock_1                    0x0800024b   Thumb Code     0  libinit2.o(.ARM.Collect$$libinit$$00000023)
    __rt_lib_init_fp_trap_1                  0x0800024b   Thumb Code     0  libinit2.o(.ARM.Collect$$libinit$$00000021)
    __rt_lib_init_getenv_1                   0x0800024b   Thumb Code     0  libinit2.o(.ARM.Collect$$libinit$$00000025)
    __rt_lib_init_heap_1                     0x0800024b   Thumb Code     0  libinit2.o(.ARM.Collect$$libinit$$0000000C)
    __rt_lib_init_lc_collate_1               0x0800024b   Thumb Code     0  libinit2.o(.ARM.Collect$$libinit$$00000013)
    __rt_lib_init_lc_ctype_1                 0x0800024b   Thumb Code     0  libinit2.o(.ARM.Collect$$libinit$$00000015)
    __rt_lib_init_lc_monetary_1              0x0800024b   Thumb Code     0  libinit2.o(.ARM.Collect$$libinit$$00000017)
    __rt_lib_init_lc_numeric_1               0x0800024b   Thumb Code     0  libinit2.o(.ARM.Collect$$libinit$$00000019)
    __rt_lib_init_lc_time_1                  0x0800024b   Thumb Code     0  libinit2.o(.ARM.Collect$$libinit$$0000001B)
    __rt_lib_init_rand_1                     0x0800024b   Thumb Code     0  libinit2.o(.ARM.Collect$$libinit$$00000010)
    __rt_lib_init_signal_1                   0x0800024b   Thumb Code     0  libinit2.o(.ARM.Collect$$libinit$$0000001F)
    __rt_lib_init_stdio_2                    0x0800024b   Thumb Code     0  libinit2.o(.ARM.Collect$$libinit$$00000026)
    __rt_lib_init_user_alloc_1               0x0800024b   Thumb Code     0  libinit2.o(.ARM.Collect$$libinit$$0000000E)
    __rt_lib_init_alloca_1                   0x0800024f   Thumb Code     0  libinit2.o(.ARM.Collect$$libinit$$00000030)
    __rt_lib_init_argv_1                     0x0800024f   Thumb Code     0  libinit2.o(.ARM.Collect$$libinit$$0000002E)
    __rt_lib_init_cpp_1                      0x0800024f   Thumb Code     0  libinit2.o(.ARM.Collect$$libinit$$00000034)
    __rt_lib_init_exceptions_1               0x0800024f   Thumb Code     0  libinit2.o(.ARM.Collect$$libinit$$00000032)
    __rt_lib_init_return                     0x0800024f   Thumb Code     0  libinit2.o(.ARM.Collect$$libinit$$00000035)
    __rt_lib_init_stdio_1                    0x0800024f   Thumb Code     0  libinit2.o(.ARM.Collect$$libinit$$00000027)
    __rt_lib_shutdown                        0x08000251   Thumb Code     0  libshutdown.o(.ARM.Collect$$libshutdown$$00000000)
    __rt_lib_shutdown_cpp_1                  0x08000253   Thumb Code     0  libshutdown2.o(.ARM.Collect$$libshutdown$$00000002)
    __rt_lib_shutdown_stdio_2                0x08000253   Thumb Code     0  libshutdown2.o(.ARM.Collect$$libshutdown$$00000003)
    __rt_lib_shutdown_fp_trap_1              0x08000257   Thumb Code     0  libshutdown2.o(.ARM.Collect$$libshutdown$$00000007)
    __rt_lib_shutdown_heap_1                 0x08000257   Thumb Code     0  libshutdown2.o(.ARM.Collect$$libshutdown$$0000000F)
    __rt_lib_shutdown_return                 0x08000257   Thumb Code     0  libshutdown2.o(.ARM.Collect$$libshutdown$$00000010)
    __rt_lib_shutdown_signal_1               0x08000257   Thumb Code     0  libshutdown2.o(.ARM.Collect$$libshutdown$$0000000A)
    __rt_lib_shutdown_stdio_1                0x08000257   Thumb Code     0  libshutdown2.o(.ARM.Collect$$libshutdown$$00000004)
    __rt_lib_shutdown_user_alloc_1           0x08000257   Thumb Code     0  libshutdown2.o(.ARM.Collect$$libshutdown$$0000000C)
    __rt_entry                               0x08000259   Thumb Code     0  __rtentry.o(.ARM.Collect$$rtentry$$00000000)
    __rt_entry_presh_1                       0x08000259   Thumb Code     0  __rtentry2.o(.ARM.Collect$$rtentry$$00000002)
    __rt_entry_sh                            0x08000259   Thumb Code     0  __rtentry4.o(.ARM.Collect$$rtentry$$00000004)
    __rt_entry_li                            0x0800025f   Thumb Code     0  __rtentry2.o(.ARM.Collect$$rtentry$$0000000A)
    __rt_entry_postsh_1                      0x0800025f   Thumb Code     0  __rtentry2.o(.ARM.Collect$$rtentry$$00000009)
    __rt_entry_main                          0x08000263   Thumb Code     0  __rtentry2.o(.ARM.Collect$$rtentry$$0000000D)
    __rt_entry_postli_1                      0x08000263   Thumb Code     0  __rtentry2.o(.ARM.Collect$$rtentry$$0000000C)
    __rt_exit                                0x0800026b   Thumb Code     0  rtexit.o(.ARM.Collect$$rtexit$$00000000)
    __rt_exit_ls                             0x0800026d   Thumb Code     0  rtexit2.o(.ARM.Collect$$rtexit$$00000003)
    __rt_exit_prels_1                        0x0800026d   Thumb Code     0  rtexit2.o(.ARM.Collect$$rtexit$$00000002)
    __rt_exit_exit                           0x08000271   Thumb Code     0  rtexit2.o(.ARM.Collect$$rtexit$$00000004)
    Reset_Handler                            0x08000279   Thumb Code     8  startup_stm32l432xx.o(.text)
    ADC1_IRQHandler                          0x08000293   Thumb Code     0  startup_stm32l432xx.o(.text)
    CAN1_RX0_IRQHandler                      0x08000293   Thumb Code     0  startup_stm32l432xx.o(.text)
    CAN1_RX1_IRQHandler                      0x08000293   Thumb Code     0  startup_stm32l432xx.o(.text)
    CAN1_SCE_IRQHandler                      0x08000293   Thumb Code     0  startup_stm32l432xx.o(.text)
    CAN1_TX_IRQHandler                       0x08000293   Thumb Code     0  startup_stm32l432xx.o(.text)
    COMP_IRQHandler                          0x08000293   Thumb Code     0  startup_stm32l432xx.o(.text)
    CRS_IRQHandler                           0x08000293   Thumb Code     0  startup_stm32l432xx.o(.text)
    DMA1_Channel1_IRQHandler                 0x08000293   Thumb Code     0  startup_stm32l432xx.o(.text)
    DMA1_Channel2_IRQHandler                 0x08000293   Thumb Code     0  startup_stm32l432xx.o(.text)
    DMA1_Channel3_IRQHandler                 0x08000293   Thumb Code     0  startup_stm32l432xx.o(.text)
    DMA1_Channel4_IRQHandler                 0x08000293   Thumb Code     0  startup_stm32l432xx.o(.text)
    DMA1_Channel5_IRQHandler                 0x08000293   Thumb Code     0  startup_stm32l432xx.o(.text)
    DMA1_Channel6_IRQHandler                 0x08000293   Thumb Code     0  startup_stm32l432xx.o(.text)
    DMA1_Channel7_IRQHandler                 0x08000293   Thumb Code     0  startup_stm32l432xx.o(.text)
    DMA2_Channel1_IRQHandler                 0x08000293   Thumb Code     0  startup_stm32l432xx.o(.text)
    DMA2_Channel2_IRQHandler                 0x08000293   Thumb Code     0  startup_stm32l432xx.o(.text)
    DMA2_Channel3_IRQHandler                 0x08000293   Thumb Code     0  startup_stm32l432xx.o(.text)
    DMA2_Channel4_IRQHandler                 0x08000293   Thumb Code     0  startup_stm32l432xx.o(.text)
    DMA2_Channel5_IRQHandler                 0x08000293   Thumb Code     0  startup_stm32l432xx.o(.text)
    DMA2_Channel6_IRQHandler                 0x08000293   Thumb Code     0  startup_stm32l432xx.o(.text)
    DMA2_Channel7_IRQHandler                 0x08000293   Thumb Code     0  startup_stm32l432xx.o(.text)
    EXTI0_IRQHandler                         0x08000293   Thumb Code     0  startup_stm32l432xx.o(.text)
    EXTI15_10_IRQHandler                     0x08000293   Thumb Code     0  startup_stm32l432xx.o(.text)
    EXTI1_IRQHandler                         0x08000293   Thumb Code     0  startup_stm32l432xx.o(.text)
    EXTI2_IRQHandler                         0x08000293   Thumb Code     0  startup_stm32l432xx.o(.text)
    EXTI3_IRQHandler                         0x08000293   Thumb Code     0  startup_stm32l432xx.o(.text)
    EXTI4_IRQHandler                         0x08000293   Thumb Code     0  startup_stm32l432xx.o(.text)
    EXTI9_5_IRQHandler                       0x08000293   Thumb Code     0  startup_stm32l432xx.o(.text)
    FLASH_IRQHandler                         0x08000293   Thumb Code     0  startup_stm32l432xx.o(.text)
    FPU_IRQHandler                           0x08000293   Thumb Code     0  startup_stm32l432xx.o(.text)
    I2C1_ER_IRQHandler                       0x08000293   Thumb Code     0  startup_stm32l432xx.o(.text)
    I2C1_EV_IRQHandler                       0x08000293   Thumb Code     0  startup_stm32l432xx.o(.text)
    I2C3_ER_IRQHandler                       0x08000293   Thumb Code     0  startup_stm32l432xx.o(.text)
    I2C3_EV_IRQHandler                       0x08000293   Thumb Code     0  startup_stm32l432xx.o(.text)
    LPTIM1_IRQHandler                        0x08000293   Thumb Code     0  startup_stm32l432xx.o(.text)
    LPTIM2_IRQHandler                        0x08000293   Thumb Code     0  startup_stm32l432xx.o(.text)
    LPUART1_IRQHandler                       0x08000293   Thumb Code     0  startup_stm32l432xx.o(.text)
    PVD_PVM_IRQHandler                       0x08000293   Thumb Code     0  startup_stm32l432xx.o(.text)
    QUADSPI_IRQHandler                       0x08000293   Thumb Code     0  startup_stm32l432xx.o(.text)
    RCC_IRQHandler                           0x08000293   Thumb Code     0  startup_stm32l432xx.o(.text)
    RNG_IRQHandler                           0x08000293   Thumb Code     0  startup_stm32l432xx.o(.text)
    RTC_Alarm_IRQHandler                     0x08000293   Thumb Code     0  startup_stm32l432xx.o(.text)
    RTC_WKUP_IRQHandler                      0x08000293   Thumb Code     0  startup_stm32l432xx.o(.text)
    SAI1_IRQHandler                          0x08000293   Thumb Code     0  startup_stm32l432xx.o(.text)
    SPI1_IRQHandler                          0x08000293   Thumb Code     0  startup_stm32l432xx.o(.text)
    SPI3_IRQHandler                          0x08000293   Thumb Code     0  startup_stm32l432xx.o(.text)
    SWPMI1_IRQHandler                        0x08000293   Thumb Code     0  startup_stm32l432xx.o(.text)
    TAMP_STAMP_IRQHandler                    0x08000293   Thumb Code     0  startup_stm32l432xx.o(.text)
    TIM1_BRK_TIM15_IRQHandler                0x08000293   Thumb Code     0  startup_stm32l432xx.o(.text)
    TIM1_CC_IRQHandler                       0x08000293   Thumb Code     0  startup_stm32l432xx.o(.text)
    TIM1_TRG_COM_IRQHandler                  0x08000293   Thumb Code     0  startup_stm32l432xx.o(.text)
    TIM1_UP_TIM16_IRQHandler                 0x08000293   Thumb Code     0  startup_stm32l432xx.o(.text)
    TIM6_DAC_IRQHandler                      0x08000293   Thumb Code     0  startup_stm32l432xx.o(.text)
    TIM7_IRQHandler                          0x08000293   Thumb Code     0  startup_stm32l432xx.o(.text)
    TSC_IRQHandler                           0x08000293   Thumb Code     0  startup_stm32l432xx.o(.text)
    USART1_IRQHandler                        0x08000293   Thumb Code     0  startup_stm32l432xx.o(.text)
    USART2_IRQHandler                        0x08000293   Thumb Code     0  startup_stm32l432xx.o(.text)
    USB_IRQHandler                           0x08000293   Thumb Code     0  startup_stm32l432xx.o(.text)
    WWDG_IRQHandler                          0x08000293   Thumb Code     0  startup_stm32l432xx.o(.text)
    __user_initial_stackheap                 0x08000295   Thumb Code     0  startup_stm32l432xx.o(.text)
    __aeabi_uldivmod                         0x080002b9   Thumb Code     0  lludivv7m.o(.text)
    _ll_udiv                                 0x080002b9   Thumb Code   240  lludivv7m.o(.text)
    __2printf                                0x080003a9   Thumb Code    20  noretval__2printf.o(.text)
    _printf_pre_padding                      0x080003c1   Thumb Code    44  _printf_pad.o(.text)
    _printf_post_padding                     0x080003ed   Thumb Code    34  _printf_pad.o(.text)
    _printf_int_dec                          0x08000411   Thumb Code   104  _printf_dec.o(.text)
    _printf_int_hex                          0x08000489   Thumb Code    84  _printf_hex_int.o(.text)
    _printf_longlong_hex                     0x08000489   Thumb Code     0  _printf_hex_int.o(.text)
    __printf                                 0x080004e1   Thumb Code   308  __printf_flags_wp.o(.text)
    puts                                     0x08000621   Thumb Code    40  puts.o(.text)
    setvbuf                                  0x0800064d   Thumb Code    70  setvbuf.o(.text)
    __aeabi_memclr4                          0x08000693   Thumb Code     0  rt_memclr_w.o(.text)
    __aeabi_memclr8                          0x08000693   Thumb Code     0  rt_memclr_w.o(.text)
    __rt_memclr_w                            0x08000693   Thumb Code     0  rt_memclr_w.o(.text)
    _memset_w                                0x08000697   Thumb Code    74  rt_memclr_w.o(.text)
    __use_two_region_memory                  0x080006e1   Thumb Code     2  heapauxi.o(.text)
    __rt_heap_escrow                         0x080006e3   Thumb Code     2  heapauxi.o(.text)
    __rt_heap_expand                         0x080006e5   Thumb Code     2  heapauxi.o(.text)
    _printf_int_common                       0x080006e7   Thumb Code   178  _printf_intcommon.o(.text)
    _printf_char_file                        0x08000799   Thumb Code    32  _printf_char_file.o(.text)
    _initio                                  0x080007bd   Thumb Code   210  initio.o(.text)
    _terminateio                             0x0800088f   Thumb Code    56  initio.o(.text)
    free                                     0x080008f5   Thumb Code    78  h1_free.o(.text)
    _printf_char_common                      0x0800094f   Thumb Code    32  _printf_char_common.o(.text)
    ferror                                   0x08000975   Thumb Code     8  ferror.o(.text)
    freopen                                  0x0800097d   Thumb Code   160  fopen.o(.text)
    fopen                                    0x08000a1d   Thumb Code    74  fopen.o(.text)
    _fclose_internal                         0x08000a6d   Thumb Code    76  fclose.o(.text)
    fclose                                   0x08000a6d   Thumb Code     0  fclose.o(.text)
    __rt_SIGRTRED                            0x08000ab9   Thumb Code    14  defsig_rtred_outer.o(.text)
    _sys_open                                0x08000ac7   Thumb Code    20  sys_io.o(.text)
    _sys_close                               0x08000adb   Thumb Code    12  sys_io.o(.text)
    _sys_write                               0x08000ae7   Thumb Code    16  sys_io.o(.text)
    _sys_read                                0x08000af7   Thumb Code    14  sys_io.o(.text)
    _sys_istty                               0x08000b05   Thumb Code    12  sys_io.o(.text)
    _sys_seek                                0x08000b11   Thumb Code    14  sys_io.o(.text)
    _sys_ensure                              0x08000b1f   Thumb Code     2  sys_io.o(.text)
    _sys_flen                                0x08000b21   Thumb Code    12  sys_io.o(.text)
    __user_setup_stackheap                   0x08000b2d   Thumb Code    74  sys_stackheap_outer.o(.text)
    __rt_heap_descriptor                     0x08000b79   Thumb Code     8  rt_heap_descriptor_intlibspace.o(.text)
    __use_no_heap                            0x08000b81   Thumb Code     2  hguard.o(.text)
    __heap$guard                             0x08000b83   Thumb Code     2  hguard.o(.text)
    _terminate_user_alloc                    0x08000b85   Thumb Code     2  init_alloc.o(.text)
    _init_user_alloc                         0x08000b87   Thumb Code     2  init_alloc.o(.text)
    __Heap_Full                              0x08000b89   Thumb Code    34  init_alloc.o(.text)
    __Heap_Broken                            0x08000bab   Thumb Code     6  init_alloc.o(.text)
    _init_alloc                              0x08000bb1   Thumb Code    94  init_alloc.o(.text)
    malloc                                   0x08000c0f   Thumb Code    94  h1_alloc.o(.text)
    _fseek                                   0x08000c6d   Thumb Code   242  fseek.o(.text)
    fseek                                    0x08000c6d   Thumb Code     0  fseek.o(.text)
    _seterr                                  0x08000d65   Thumb Code    20  stdio.o(.text)
    _writebuf                                0x08000d79   Thumb Code   108  stdio.o(.text)
    _fflush                                  0x08000de5   Thumb Code    70  stdio.o(.text)
    _deferredlazyseek                        0x08000e2b   Thumb Code    60  stdio.o(.text)
    exit                                     0x08000e73   Thumb Code    18  exit.o(.text)
    __sig_exit                               0x08000e85   Thumb Code    10  defsig_exit.o(.text)
    __rt_SIGRTRED_inner                      0x08000e91   Thumb Code    14  defsig_rtred_inner.o(.text)
    _sys_exit                                0x08000ec5   Thumb Code     8  sys_exit.o(.text)
    __user_libspace                          0x08000ed1   Thumb Code     8  libspace.o(.text)
    __user_perproc_libspace                  0x08000ed1   Thumb Code     0  libspace.o(.text)
    __user_perthread_libspace                0x08000ed1   Thumb Code     0  libspace.o(.text)
    __I$use$semihosting                      0x08000ed9   Thumb Code     0  use_no_semi.o(.text)
    __use_no_semihosting_swi                 0x08000ed9   Thumb Code     2  use_no_semi.o(.text)
    __Heap_Initialize                        0x08000edb   Thumb Code     8  h1_init.o(.text)
    __semihosting_library_function           0x08000edb   Thumb Code     0  indicate_semi.o(.text)
    _maybe_terminate_alloc                   0x08000edb   Thumb Code     0  maybetermalloc1.o(.text)
    __Heap_DescSize                          0x08000ee3   Thumb Code     4  h1_init.o(.text)
    __Heap_ProvideMemory                     0x08000ee7   Thumb Code    52  h1_extend.o(.text)
    _ftell_internal                          0x08000f1b   Thumb Code    66  ftell.o(.text)
    ftell                                    0x08000f1b   Thumb Code     0  ftell.o(.text)
    __default_signal_display                 0x08000f5d   Thumb Code    50  defsig_general.o(.text)
    __rt_SIGRTMEM                            0x08000f8f   Thumb Code    14  defsig_rtmem_outer.o(.text)
    strlen                                   0x08000f9d   Thumb Code    62  strlen.o(.text)
    _ttywrch                                 0x08000fdb   Thumb Code    14  sys_wrch.o(.text)
    __aeabi_errno_addr                       0x08000fe9   Thumb Code     8  rt_errno_addr_intlibspace.o(.text)
    __errno$intlibspace                      0x08000fe9   Thumb Code     0  rt_errno_addr_intlibspace.o(.text)
    __rt_errno_addr$intlibspace              0x08000fe9   Thumb Code     0  rt_errno_addr_intlibspace.o(.text)
    __rt_SIGRTMEM_inner                      0x08000ff1   Thumb Code    22  defsig_rtmem_inner.o(.text)
    BusFault_Handler                         0x08001041   Thumb Code     2  stm32l4xx_it.o(.text.BusFault_Handler)
    DebugMon_Handler                         0x08001045   Thumb Code     2  stm32l4xx_it.o(.text.DebugMon_Handler)
    Error_Handler                            0x08001049   Thumb Code    10  main.o(.text.Error_Handler)
    HAL_GPIO_Init                            0x08001055   Thumb Code   434  stm32l4xx_hal_gpio.o(.text.HAL_GPIO_Init)
    HAL_GPIO_WritePin                        0x0800120d   Thumb Code    12  stm32l4xx_hal_gpio.o(.text.HAL_GPIO_WritePin)
    HAL_GetTick                              0x08001219   Thumb Code    12  stm32l4xx_hal.o(.text.HAL_GetTick)
    HAL_IncTick                              0x08001225   Thumb Code    26  stm32l4xx_hal.o(.text.HAL_IncTick)
    HAL_Init                                 0x08001241   Thumb Code    30  stm32l4xx_hal.o(.text.HAL_Init)
    HAL_InitTick                             0x08001261   Thumb Code    80  stm32l4xx_hal.o(.text.HAL_InitTick)
    HAL_MspInit                              0x080012b1   Thumb Code    50  stm32l4xx_hal_msp.o(.text.HAL_MspInit)
    HAL_NVIC_EnableIRQ                       0x080012e5   Thumb Code    34  stm32l4xx_hal_cortex.o(.text.HAL_NVIC_EnableIRQ)
    HAL_NVIC_SetPriority                     0x08001309   Thumb Code    86  stm32l4xx_hal_cortex.o(.text.HAL_NVIC_SetPriority)
    HAL_NVIC_SetPriorityGrouping             0x08001361   Thumb Code    32  stm32l4xx_hal_cortex.o(.text.HAL_NVIC_SetPriorityGrouping)
    HAL_PWREx_ControlVoltageScaling          0x08001381   Thumb Code   140  stm32l4xx_hal_pwr_ex.o(.text.HAL_PWREx_ControlVoltageScaling)
    HAL_PWREx_GetVoltageRange                0x0800140d   Thumb Code    16  stm32l4xx_hal_pwr_ex.o(.text.HAL_PWREx_GetVoltageRange)
    HAL_PWR_EnableBkUpAccess                 0x0800141d   Thumb Code    18  stm32l4xx_hal_pwr.o(.text.HAL_PWR_EnableBkUpAccess)
    HAL_RCCEx_EnableMSIPLLMode               0x08001431   Thumb Code    18  stm32l4xx_hal_rcc_ex.o(.text.HAL_RCCEx_EnableMSIPLLMode)
    HAL_RCCEx_PeriphCLKConfig                0x08001445   Thumb Code   644  stm32l4xx_hal_rcc_ex.o(.text.HAL_RCCEx_PeriphCLKConfig)
    HAL_RCC_ClockConfig                      0x080016c9   Thumb Code   574  stm32l4xx_hal_rcc.o(.text.HAL_RCC_ClockConfig)
    HAL_RCC_GetPCLK1Freq                     0x08001909   Thumb Code    42  stm32l4xx_hal_rcc.o(.text.HAL_RCC_GetPCLK1Freq)
    HAL_RCC_GetPCLK2Freq                     0x08001935   Thumb Code    42  stm32l4xx_hal_rcc.o(.text.HAL_RCC_GetPCLK2Freq)
    HAL_RCC_GetSysClockFreq                  0x08001961   Thumb Code   198  stm32l4xx_hal_rcc.o(.text.HAL_RCC_GetSysClockFreq)
    HAL_RCC_OscConfig                        0x08001a29   Thumb Code  2036  stm32l4xx_hal_rcc.o(.text.HAL_RCC_OscConfig)
    HAL_SYSTICK_Config                       0x0800221d   Thumb Code    44  stm32l4xx_hal_cortex.o(.text.HAL_SYSTICK_Config)
    HAL_TIMEx_Break2Callback                 0x08002249   Thumb Code     2  stm32l4xx_hal_tim_ex.o(.text.HAL_TIMEx_Break2Callback)
    HAL_TIMEx_BreakCallback                  0x0800224d   Thumb Code     2  stm32l4xx_hal_tim_ex.o(.text.HAL_TIMEx_BreakCallback)
    HAL_TIMEx_CommutCallback                 0x08002251   Thumb Code     2  stm32l4xx_hal_tim_ex.o(.text.HAL_TIMEx_CommutCallback)
    HAL_TIMEx_MasterConfigSynchronization    0x08002255   Thumb Code   108  stm32l4xx_hal_tim_ex.o(.text.HAL_TIMEx_MasterConfigSynchronization)
    HAL_TIM_Base_Init                        0x080022c1   Thumb Code   234  stm32l4xx_hal_tim.o(.text.HAL_TIM_Base_Init)
    HAL_TIM_Base_MspInit                     0x080023ad   Thumb Code   116  stm32l4xx_hal_msp.o(.text.HAL_TIM_Base_MspInit)
    HAL_TIM_ConfigClockSource                0x08002421   Thumb Code   540  stm32l4xx_hal_tim.o(.text.HAL_TIM_ConfigClockSource)
    HAL_TIM_IC_CaptureCallback               0x0800263d   Thumb Code    60  stm32l4xx_it.o(.text.HAL_TIM_IC_CaptureCallback)
    HAL_TIM_IC_ConfigChannel                 0x08002679   Thumb Code   448  stm32l4xx_hal_tim.o(.text.HAL_TIM_IC_ConfigChannel)
    HAL_TIM_IC_Init                          0x08002839   Thumb Code   234  stm32l4xx_hal_tim.o(.text.HAL_TIM_IC_Init)
    HAL_TIM_IC_MspInit                       0x08002925   Thumb Code     2  stm32l4xx_hal_tim.o(.text.HAL_TIM_IC_MspInit)
    HAL_TIM_IC_Start_IT                      0x08002929   Thumb Code   340  stm32l4xx_hal_tim.o(.text.HAL_TIM_IC_Start_IT)
    HAL_TIM_IRQHandler                       0x08002a7d   Thumb Code   364  stm32l4xx_hal_tim.o(.text.HAL_TIM_IRQHandler)
    HAL_TIM_OC_DelayElapsedCallback          0x08002be9   Thumb Code     2  stm32l4xx_hal_tim.o(.text.HAL_TIM_OC_DelayElapsedCallback)
    HAL_TIM_PWM_PulseFinishedCallback        0x08002bed   Thumb Code     2  stm32l4xx_hal_tim.o(.text.HAL_TIM_PWM_PulseFinishedCallback)
    HAL_TIM_PeriodElapsedCallback            0x08002bf1   Thumb Code    14  stm32l4xx_it.o(.text.HAL_TIM_PeriodElapsedCallback)
    HAL_TIM_ReadCapturedValue                0x08002c01   Thumb Code    22  stm32l4xx_hal_tim.o(.text.HAL_TIM_ReadCapturedValue)
    HAL_TIM_SlaveConfigSynchro               0x08002c19   Thumb Code    88  stm32l4xx_hal_tim.o(.text.HAL_TIM_SlaveConfigSynchro)
    HAL_TIM_TriggerCallback                  0x08002c71   Thumb Code     2  stm32l4xx_hal_tim.o(.text.HAL_TIM_TriggerCallback)
    HAL_UART_Init                            0x08002c75   Thumb Code    96  stm32l4xx_hal_uart.o(.text.HAL_UART_Init)
    HAL_UART_MspInit                         0x08002cd5   Thumb Code   164  stm32l4xx_hal_msp.o(.text.HAL_UART_MspInit)
    HAL_UART_Transmit                        0x08002d79   Thumb Code   352  stm32l4xx_hal_uart.o(.text.HAL_UART_Transmit)
    HardFault_Handler                        0x08002ed9   Thumb Code     2  stm32l4xx_it.o(.text.HardFault_Handler)
    MemManage_Handler                        0x08002edd   Thumb Code     2  stm32l4xx_it.o(.text.MemManage_Handler)
    NMI_Handler                              0x08002ee1   Thumb Code     2  stm32l4xx_it.o(.text.NMI_Handler)
    PendSV_Handler                           0x08002ee5   Thumb Code     2  stm32l4xx_it.o(.text.PendSV_Handler)
    RC5_DataSampling                         0x08002ee9   Thumb Code   296  rc5_decode.o(.text.RC5_DataSampling)
    RC5_Decode                               0x08003011   Thumb Code    94  rc5_decode.o(.text.RC5_Decode)
    RC5_Init_Timing                          0x08003071   Thumb Code    64  rc5_decode.o(.text.RC5_Init_Timing)
    RC5_ResetPacket                          0x080030b1   Thumb Code    30  rc5_decode.o(.text.RC5_ResetPacket)
    SVC_Handler                              0x08003219   Thumb Code     2  stm32l4xx_it.o(.text.SVC_Handler)
    SysTick_Handler                          0x0800321d   Thumb Code     4  stm32l4xx_it.o(.text.SysTick_Handler)
    SystemClock_Config                       0x08003221   Thumb Code   164  main.o(.text.SystemClock_Config)
    SystemInit                               0x080032c5   Thumb Code    18  system_stm32l4xx.o(.text.SystemInit)
    TIM2_IRQHandler                          0x080032d9   Thumb Code    12  stm32l4xx_it.o(.text.TIM2_IRQHandler)
    UART_AdvFeatureConfig                    0x08003435   Thumb Code   230  stm32l4xx_hal_uart.o(.text.UART_AdvFeatureConfig)
    UART_CheckIdleState                      0x0800351d   Thumb Code   360  stm32l4xx_hal_uart.o(.text.UART_CheckIdleState)
    UART_SetConfig                           0x08003685   Thumb Code   496  stm32l4xx_hal_uart.o(.text.UART_SetConfig)
    UART_WaitOnFlagUntilTimeout              0x08003885   Thumb Code   832  stm32l4xx_hal_uart.o(.text.UART_WaitOnFlagUntilTimeout)
    UsageFault_Handler                       0x08003bc5   Thumb Code     2  stm32l4xx_it.o(.text.UsageFault_Handler)
    fputc                                    0x08003bc9   Thumb Code    30  main.o(.text.fputc)
    main                                     0x08003be9   Thumb Code   580  main.o(.text.main)
    _is_digit                                0x08003e51   Thumb Code    14  __printf_wp.o(i._is_digit)
    _fp_init                                 0x08003e5f   Thumb Code    26  fpinit.o(x$fpl$fpinit)
    __fplib_config_fpu_vfp                   0x08003e77   Thumb Code     0  fpinit.o(x$fpl$fpinit)
    __fplib_config_pureend_doubles           0x08003e77   Thumb Code     0  fpinit.o(x$fpl$fpinit)
    __stdin_name                             0x08003eb1   Data           4  sys_io_names.o(.constdata)
    __stdout_name                            0x08003eb5   Data           4  sys_io_names.o(.constdata)
    __stderr_name                            0x08003eb9   Data           4  sys_io_names.o(.constdata)
    AHBPrescTable                            0x08003ebd   Data          16  system_stm32l4xx.o(.rodata.AHBPrescTable)
    APBPrescTable                            0x08003ecd   Data           8  system_stm32l4xx.o(.rodata.APBPrescTable)
    MSIRangeTable                            0x08003ed8   Data          48  system_stm32l4xx.o(.rodata.MSIRangeTable)
    RC5_logicTableFallingEdge                0x08003f08   Data           4  rc5_decode.o(.rodata.RC5_logicTableFallingEdge)
    RC5_logicTableRisingEdge                 0x08003f0c   Data           4  rc5_decode.o(.rodata.RC5_logicTableRisingEdge)
    Region$$Table$$Base                      0x08003f94   Number         0  anon$$obj.o(Region$$Table)
    Region$$Table$$Limit                     0x08003fb4   Number         0  anon$$obj.o(Region$$Table)
    __aeabi_stdin                            0x20000000   Data           4  stdio_streams.o(.data)
    __aeabi_stdout                           0x20000004   Data           4  stdio_streams.o(.data)
    __aeabi_stderr                           0x20000008   Data           4  stdio_streams.o(.data)
    uwTickFreq                               0x2000000c   Data           1  stm32l4xx_hal.o(.data..L_MergedGlobals)
    uwTickPrio                               0x20000010   Data           4  stm32l4xx_hal.o(.data..L_MergedGlobals)
    SystemCoreClock                          0x20000014   Data           4  system_stm32l4xx.o(.data.SystemCoreClock)
    __stdin                                  0x20000018   Data          84  stdio_streams.o(.bss)
    __stdout                                 0x2000006c   Data          84  stdio_streams.o(.bss)
    __stderr                                 0x200000c0   Data          84  stdio_streams.o(.bss)
    __libspace_start                         0x20000114   Data          96  libspace.o(.bss)
    RC5FrameReceived                         0x20000174   Data           1  rc5_decode.o(.bss..L_MergedGlobals)
    __temporary_stack_top$libspace           0x20000174   Data           0  libspace.o(.bss)
    RC5MinT                                  0x20000178   Data           4  rc5_decode.o(.bss..L_MergedGlobals)
    RC5MaxT                                  0x2000017c   Data           4  rc5_decode.o(.bss..L_MergedGlobals)
    RC5Min2T                                 0x20000180   Data           4  rc5_decode.o(.bss..L_MergedGlobals)
    RC5Max2T                                 0x20000184   Data           4  rc5_decode.o(.bss..L_MergedGlobals)
    RC5TimeOut                               0x20000188   Data           4  rc5_decode.o(.bss..L_MergedGlobals)
    RC5_Data                                 0x2000018c   Data           4  rc5_decode.o(.bss..L_MergedGlobals)
    RC5_FRAME                                0x20000190   Data           4  rc5_decode.o(.bss..L_MergedGlobals)
    RC5TmpPacket                             0x20000194   Data           6  rc5_decode.o(.bss..L_MergedGlobals)
    htim2                                    0x2000019c   Data          76  main.o(.bss.htim2)
    huart2                                   0x200001e8   Data         136  main.o(.bss.huart2)
    uwTick                                   0x20000270   Data           4  stm32l4xx_hal.o(.bss.uwTick)



==============================================================================

Memory Map of the image

  Image Entry point : 0x0800018d

  Load Region LR_IROM1 (Base: 0x08000000, Size: 0x00003fd0, Max: 0x00040000, ABSOLUTE)

    Execution Region ER_IROM1 (Exec base: 0x08000000, Load base: 0x08000000, Size: 0x00003fb4, Max: 0x00040000, ABSOLUTE)

    Exec Addr    Load Addr    Size         Type   Attr      Idx    E Section Name        Object

    0x08000000   0x08000000   0x0000018c   Data   RO            3    RESET               startup_stm32l432xx.o
    0x0800018c   0x0800018c   0x00000008   Code   RO         1179  * !!!main             c_w.l(__main.o)
    0x08000194   0x08000194   0x0000005c   Code   RO         1508    !!!scatter          c_w.l(__scatter.o)
    0x080001f0   0x080001f0   0x0000001a   Code   RO         1512    !!handler_copy      c_w.l(__scatter_copy.o)
    0x0800020a   0x0800020a   0x00000002   PAD
    0x0800020c   0x0800020c   0x00000002   Code   RO         1509    !!handler_null      c_w.l(__scatter.o)
    0x0800020e   0x0800020e   0x00000002   PAD
    0x08000210   0x08000210   0x0000001c   Code   RO         1514    !!handler_zi        c_w.l(__scatter_zi.o)
    0x0800022c   0x0800022c   0x00000000   Code   RO         1162    .ARM.Collect$$_printf_percent$$00000000  c_w.l(_printf_percent.o)
    0x0800022c   0x0800022c   0x00000006   Code   RO         1161    .ARM.Collect$$_printf_percent$$00000009  c_w.l(_printf_d.o)
    0x08000232   0x08000232   0x00000006   Code   RO         1160    .ARM.Collect$$_printf_percent$$0000000C  c_w.l(_printf_x.o)
    0x08000238   0x08000238   0x00000004   Code   RO         1190    .ARM.Collect$$_printf_percent$$00000017  c_w.l(_printf_percent_end.o)
    0x0800023c   0x0800023c   0x00000002   Code   RO         1411    .ARM.Collect$$libinit$$00000000  c_w.l(libinit.o)
    0x0800023e   0x0800023e   0x00000004   Code   RO         1290    .ARM.Collect$$libinit$$00000001  c_w.l(libinit2.o)
    0x08000242   0x08000242   0x00000000   Code   RO         1293    .ARM.Collect$$libinit$$00000004  c_w.l(libinit2.o)
    0x08000242   0x08000242   0x00000000   Code   RO         1295    .ARM.Collect$$libinit$$00000006  c_w.l(libinit2.o)
    0x08000242   0x08000242   0x00000008   Code   RO         1296    .ARM.Collect$$libinit$$00000007  c_w.l(libinit2.o)
    0x0800024a   0x0800024a   0x00000000   Code   RO         1298    .ARM.Collect$$libinit$$0000000C  c_w.l(libinit2.o)
    0x0800024a   0x0800024a   0x00000000   Code   RO         1300    .ARM.Collect$$libinit$$0000000E  c_w.l(libinit2.o)
    0x0800024a   0x0800024a   0x00000000   Code   RO         1302    .ARM.Collect$$libinit$$00000010  c_w.l(libinit2.o)
    0x0800024a   0x0800024a   0x00000000   Code   RO         1305    .ARM.Collect$$libinit$$00000013  c_w.l(libinit2.o)
    0x0800024a   0x0800024a   0x00000000   Code   RO         1307    .ARM.Collect$$libinit$$00000015  c_w.l(libinit2.o)
    0x0800024a   0x0800024a   0x00000000   Code   RO         1309    .ARM.Collect$$libinit$$00000017  c_w.l(libinit2.o)
    0x0800024a   0x0800024a   0x00000000   Code   RO         1311    .ARM.Collect$$libinit$$00000019  c_w.l(libinit2.o)
    0x0800024a   0x0800024a   0x00000000   Code   RO         1313    .ARM.Collect$$libinit$$0000001B  c_w.l(libinit2.o)
    0x0800024a   0x0800024a   0x00000000   Code   RO         1315    .ARM.Collect$$libinit$$0000001D  c_w.l(libinit2.o)
    0x0800024a   0x0800024a   0x00000000   Code   RO         1317    .ARM.Collect$$libinit$$0000001F  c_w.l(libinit2.o)
    0x0800024a   0x0800024a   0x00000000   Code   RO         1319    .ARM.Collect$$libinit$$00000021  c_w.l(libinit2.o)
    0x0800024a   0x0800024a   0x00000000   Code   RO         1321    .ARM.Collect$$libinit$$00000023  c_w.l(libinit2.o)
    0x0800024a   0x0800024a   0x00000000   Code   RO         1323    .ARM.Collect$$libinit$$00000025  c_w.l(libinit2.o)
    0x0800024a   0x0800024a   0x00000004   Code   RO         1324    .ARM.Collect$$libinit$$00000026  c_w.l(libinit2.o)
    0x0800024e   0x0800024e   0x00000000   Code   RO         1325    .ARM.Collect$$libinit$$00000027  c_w.l(libinit2.o)
    0x0800024e   0x0800024e   0x00000000   Code   RO         1329    .ARM.Collect$$libinit$$0000002E  c_w.l(libinit2.o)
    0x0800024e   0x0800024e   0x00000000   Code   RO         1331    .ARM.Collect$$libinit$$00000030  c_w.l(libinit2.o)
    0x0800024e   0x0800024e   0x00000000   Code   RO         1333    .ARM.Collect$$libinit$$00000032  c_w.l(libinit2.o)
    0x0800024e   0x0800024e   0x00000000   Code   RO         1335    .ARM.Collect$$libinit$$00000034  c_w.l(libinit2.o)
    0x0800024e   0x0800024e   0x00000002   Code   RO         1336    .ARM.Collect$$libinit$$00000035  c_w.l(libinit2.o)
    0x08000250   0x08000250   0x00000002   Code   RO         1505    .ARM.Collect$$libshutdown$$00000000  c_w.l(libshutdown.o)
    0x08000252   0x08000252   0x00000000   Code   RO         1338    .ARM.Collect$$libshutdown$$00000002  c_w.l(libshutdown2.o)
    0x08000252   0x08000252   0x00000004   Code   RO         1339    .ARM.Collect$$libshutdown$$00000003  c_w.l(libshutdown2.o)
    0x08000256   0x08000256   0x00000000   Code   RO         1340    .ARM.Collect$$libshutdown$$00000004  c_w.l(libshutdown2.o)
    0x08000256   0x08000256   0x00000000   Code   RO         1343    .ARM.Collect$$libshutdown$$00000007  c_w.l(libshutdown2.o)
    0x08000256   0x08000256   0x00000000   Code   RO         1346    .ARM.Collect$$libshutdown$$0000000A  c_w.l(libshutdown2.o)
    0x08000256   0x08000256   0x00000000   Code   RO         1348    .ARM.Collect$$libshutdown$$0000000C  c_w.l(libshutdown2.o)
    0x08000256   0x08000256   0x00000000   Code   RO         1351    .ARM.Collect$$libshutdown$$0000000F  c_w.l(libshutdown2.o)
    0x08000256   0x08000256   0x00000002   Code   RO         1352    .ARM.Collect$$libshutdown$$00000010  c_w.l(libshutdown2.o)
    0x08000258   0x08000258   0x00000000   Code   RO         1181    .ARM.Collect$$rtentry$$00000000  c_w.l(__rtentry.o)
    0x08000258   0x08000258   0x00000000   Code   RO         1201    .ARM.Collect$$rtentry$$00000002  c_w.l(__rtentry2.o)
    0x08000258   0x08000258   0x00000006   Code   RO         1213    .ARM.Collect$$rtentry$$00000004  c_w.l(__rtentry4.o)
    0x0800025e   0x0800025e   0x00000000   Code   RO         1203    .ARM.Collect$$rtentry$$00000009  c_w.l(__rtentry2.o)
    0x0800025e   0x0800025e   0x00000004   Code   RO         1204    .ARM.Collect$$rtentry$$0000000A  c_w.l(__rtentry2.o)
    0x08000262   0x08000262   0x00000000   Code   RO         1206    .ARM.Collect$$rtentry$$0000000C  c_w.l(__rtentry2.o)
    0x08000262   0x08000262   0x00000008   Code   RO         1207    .ARM.Collect$$rtentry$$0000000D  c_w.l(__rtentry2.o)
    0x0800026a   0x0800026a   0x00000002   Code   RO         1424    .ARM.Collect$$rtexit$$00000000  c_w.l(rtexit.o)
    0x0800026c   0x0800026c   0x00000000   Code   RO         1468    .ARM.Collect$$rtexit$$00000002  c_w.l(rtexit2.o)
    0x0800026c   0x0800026c   0x00000004   Code   RO         1469    .ARM.Collect$$rtexit$$00000003  c_w.l(rtexit2.o)
    0x08000270   0x08000270   0x00000006   Code   RO         1470    .ARM.Collect$$rtexit$$00000004  c_w.l(rtexit2.o)
    0x08000276   0x08000276   0x00000002   PAD
    0x08000278   0x08000278   0x00000040   Code   RO            4    .text               startup_stm32l432xx.o
    0x080002b8   0x080002b8   0x000000f0   Code   RO         1107    .text               c_w.l(lludivv7m.o)
    0x080003a8   0x080003a8   0x00000018   Code   RO         1111    .text               c_w.l(noretval__2printf.o)
    0x080003c0   0x080003c0   0x0000004e   Code   RO         1115    .text               c_w.l(_printf_pad.o)
    0x0800040e   0x0800040e   0x00000002   PAD
    0x08000410   0x08000410   0x00000078   Code   RO         1117    .text               c_w.l(_printf_dec.o)
    0x08000488   0x08000488   0x00000058   Code   RO         1122    .text               c_w.l(_printf_hex_int.o)
    0x080004e0   0x080004e0   0x0000013e   Code   RO         1152    .text               c_w.l(__printf_flags_wp.o)
    0x0800061e   0x0800061e   0x00000002   PAD
    0x08000620   0x08000620   0x0000002c   Code   RO         1163    .text               c_w.l(puts.o)
    0x0800064c   0x0800064c   0x00000046   Code   RO         1165    .text               c_w.l(setvbuf.o)
    0x08000692   0x08000692   0x0000004e   Code   RO         1175    .text               c_w.l(rt_memclr_w.o)
    0x080006e0   0x080006e0   0x00000006   Code   RO         1177    .text               c_w.l(heapauxi.o)
    0x080006e6   0x080006e6   0x000000b2   Code   RO         1186    .text               c_w.l(_printf_intcommon.o)
    0x08000798   0x08000798   0x00000024   Code   RO         1188    .text               c_w.l(_printf_char_file.o)
    0x080007bc   0x080007bc   0x00000138   Code   RO         1191    .text               c_w.l(initio.o)
    0x080008f4   0x080008f4   0x0000004e   Code   RO         1219    .text               c_w.l(h1_free.o)
    0x08000942   0x08000942   0x00000002   PAD
    0x08000944   0x08000944   0x00000030   Code   RO         1273    .text               c_w.l(_printf_char_common.o)
    0x08000974   0x08000974   0x00000008   Code   RO         1275    .text               c_w.l(ferror.o)
    0x0800097c   0x0800097c   0x000000f0   Code   RO         1278    .text               c_w.l(fopen.o)
    0x08000a6c   0x08000a6c   0x0000004c   Code   RO         1280    .text               c_w.l(fclose.o)
    0x08000ab8   0x08000ab8   0x0000000e   Code   RO         1286    .text               c_w.l(defsig_rtred_outer.o)
    0x08000ac6   0x08000ac6   0x00000066   Code   RO         1353    .text               c_w.l(sys_io.o)
    0x08000b2c   0x08000b2c   0x0000004a   Code   RO         1357    .text               c_w.l(sys_stackheap_outer.o)
    0x08000b76   0x08000b76   0x00000002   PAD
    0x08000b78   0x08000b78   0x00000008   Code   RO         1364    .text               c_w.l(rt_heap_descriptor_intlibspace.o)
    0x08000b80   0x08000b80   0x00000004   Code   RO         1366    .text               c_w.l(hguard.o)
    0x08000b84   0x08000b84   0x0000008a   Code   RO         1368    .text               c_w.l(init_alloc.o)
    0x08000c0e   0x08000c0e   0x0000005e   Code   RO         1374    .text               c_w.l(h1_alloc.o)
    0x08000c6c   0x08000c6c   0x000000f8   Code   RO         1388    .text               c_w.l(fseek.o)
    0x08000d64   0x08000d64   0x0000010e   Code   RO         1390    .text               c_w.l(stdio.o)
    0x08000e72   0x08000e72   0x00000012   Code   RO         1392    .text               c_w.l(exit.o)
    0x08000e84   0x08000e84   0x0000000a   Code   RO         1394    .text               c_w.l(defsig_exit.o)
    0x08000e8e   0x08000e8e   0x00000002   PAD
    0x08000e90   0x08000e90   0x00000034   Code   RO         1400    .text               c_w.l(defsig_rtred_inner.o)
    0x08000ec4   0x08000ec4   0x0000000c   Code   RO         1414    .text               c_w.l(sys_exit.o)
    0x08000ed0   0x08000ed0   0x00000008   Code   RO         1418    .text               c_w.l(libspace.o)
    0x08000ed8   0x08000ed8   0x00000002   Code   RO         1421    .text               c_w.l(use_no_semi.o)
    0x08000eda   0x08000eda   0x00000000   Code   RO         1423    .text               c_w.l(indicate_semi.o)
    0x08000eda   0x08000eda   0x00000000   Code   RO         1426    .text               c_w.l(maybetermalloc1.o)
    0x08000eda   0x08000eda   0x0000000c   Code   RO         1428    .text               c_w.l(h1_init.o)
    0x08000ee6   0x08000ee6   0x00000034   Code   RO         1430    .text               c_w.l(h1_extend.o)
    0x08000f1a   0x08000f1a   0x00000042   Code   RO         1436    .text               c_w.l(ftell.o)
    0x08000f5c   0x08000f5c   0x00000032   Code   RO         1440    .text               c_w.l(defsig_general.o)
    0x08000f8e   0x08000f8e   0x0000000e   Code   RO         1444    .text               c_w.l(defsig_rtmem_outer.o)
    0x08000f9c   0x08000f9c   0x0000003e   Code   RO         1448    .text               c_w.l(strlen.o)
    0x08000fda   0x08000fda   0x0000000e   Code   RO         1459    .text               c_w.l(sys_wrch.o)
    0x08000fe8   0x08000fe8   0x00000008   Code   RO         1477    .text               c_w.l(rt_errno_addr_intlibspace.o)
    0x08000ff0   0x08000ff0   0x00000050   Code   RO         1483    .text               c_w.l(defsig_rtmem_inner.o)
    0x08001040   0x08001040   0x00000002   Code   RO           39    .text.BusFault_Handler  stm32l4xx_it.o
    0x08001042   0x08001042   0x00000002   PAD
    0x08001044   0x08001044   0x00000002   Code   RO           45    .text.DebugMon_Handler  stm32l4xx_it.o
    0x08001046   0x08001046   0x00000002   PAD
    0x08001048   0x08001048   0x0000000a   Code   RO           19    .text.Error_Handler  main.o
    0x08001052   0x08001052   0x00000002   PAD
    0x08001054   0x08001054   0x000001b8   Code   RO          672    .text.HAL_GPIO_Init  stm32l4xx_hal_gpio.o
    0x0800120c   0x0800120c   0x0000000c   Code   RO          678    .text.HAL_GPIO_WritePin  stm32l4xx_hal_gpio.o
    0x08001218   0x08001218   0x0000000c   Code   RO          454    .text.HAL_GetTick   stm32l4xx_hal.o
    0x08001224   0x08001224   0x0000001a   Code   RO          452    .text.HAL_IncTick   stm32l4xx_hal.o
    0x0800123e   0x0800123e   0x00000002   PAD
    0x08001240   0x08001240   0x0000001e   Code   RO          442    .text.HAL_Init      stm32l4xx_hal.o
    0x0800125e   0x0800125e   0x00000002   PAD
    0x08001260   0x08001260   0x00000050   Code   RO          444    .text.HAL_InitTick  stm32l4xx_hal.o
    0x080012b0   0x080012b0   0x00000032   Code   RO           65    .text.HAL_MspInit   stm32l4xx_hal_msp.o
    0x080012e2   0x080012e2   0x00000002   PAD
    0x080012e4   0x080012e4   0x00000022   Code   RO          851    .text.HAL_NVIC_EnableIRQ  stm32l4xx_hal_cortex.o
    0x08001306   0x08001306   0x00000002   PAD
    0x08001308   0x08001308   0x00000056   Code   RO          849    .text.HAL_NVIC_SetPriority  stm32l4xx_hal_cortex.o
    0x0800135e   0x0800135e   0x00000002   PAD
    0x08001360   0x08001360   0x00000020   Code   RO          847    .text.HAL_NVIC_SetPriorityGrouping  stm32l4xx_hal_cortex.o
    0x08001380   0x08001380   0x0000008c   Code   RO          773    .text.HAL_PWREx_ControlVoltageScaling  stm32l4xx_hal_pwr_ex.o
    0x0800140c   0x0800140c   0x00000010   Code   RO          771    .text.HAL_PWREx_GetVoltageRange  stm32l4xx_hal_pwr_ex.o
    0x0800141c   0x0800141c   0x00000012   Code   RO          733    .text.HAL_PWR_EnableBkUpAccess  stm32l4xx_hal_pwr.o
    0x0800142e   0x0800142e   0x00000002   PAD
    0x08001430   0x08001430   0x00000012   Code   RO          578    .text.HAL_RCCEx_EnableMSIPLLMode  stm32l4xx_hal_rcc_ex.o
    0x08001442   0x08001442   0x00000002   PAD
    0x08001444   0x08001444   0x00000284   Code   RO          548    .text.HAL_RCCEx_PeriphCLKConfig  stm32l4xx_hal_rcc_ex.o
    0x080016c8   0x080016c8   0x0000023e   Code   RO          518    .text.HAL_RCC_ClockConfig  stm32l4xx_hal_rcc.o
    0x08001906   0x08001906   0x00000002   PAD
    0x08001908   0x08001908   0x0000002a   Code   RO          524    .text.HAL_RCC_GetPCLK1Freq  stm32l4xx_hal_rcc.o
    0x08001932   0x08001932   0x00000002   PAD
    0x08001934   0x08001934   0x0000002a   Code   RO          526    .text.HAL_RCC_GetPCLK2Freq  stm32l4xx_hal_rcc.o
    0x0800195e   0x0800195e   0x00000002   PAD
    0x08001960   0x08001960   0x000000c6   Code   RO          516    .text.HAL_RCC_GetSysClockFreq  stm32l4xx_hal_rcc.o
    0x08001a26   0x08001a26   0x00000002   PAD
    0x08001a28   0x08001a28   0x000007f4   Code   RO          514    .text.HAL_RCC_OscConfig  stm32l4xx_hal_rcc.o
    0x0800221c   0x0800221c   0x0000002c   Code   RO          859    .text.HAL_SYSTICK_Config  stm32l4xx_hal_cortex.o
    0x08002248   0x08002248   0x00000002   Code   RO          428    .text.HAL_TIMEx_Break2Callback  stm32l4xx_hal_tim_ex.o
    0x0800224a   0x0800224a   0x00000002   PAD
    0x0800224c   0x0800224c   0x00000002   Code   RO          426    .text.HAL_TIMEx_BreakCallback  stm32l4xx_hal_tim_ex.o
    0x0800224e   0x0800224e   0x00000002   PAD
    0x08002250   0x08002250   0x00000002   Code   RO          422    .text.HAL_TIMEx_CommutCallback  stm32l4xx_hal_tim_ex.o
    0x08002252   0x08002252   0x00000002   PAD
    0x08002254   0x08002254   0x0000006c   Code   RO          412    .text.HAL_TIMEx_MasterConfigSynchronization  stm32l4xx_hal_tim_ex.o
    0x080022c0   0x080022c0   0x000000ea   Code   RO          117    .text.HAL_TIM_Base_Init  stm32l4xx_hal_tim.o
    0x080023aa   0x080023aa   0x00000002   PAD
    0x080023ac   0x080023ac   0x00000074   Code   RO           67    .text.HAL_TIM_Base_MspInit  stm32l4xx_hal_msp.o
    0x08002420   0x08002420   0x0000021c   Code   RO          297    .text.HAL_TIM_ConfigClockSource  stm32l4xx_hal_tim.o
    0x0800263c   0x0800263c   0x0000003c   Code   RO           53    .text.HAL_TIM_IC_CaptureCallback  stm32l4xx_it.o
    0x08002678   0x08002678   0x000001c0   Code   RO          267    .text.HAL_TIM_IC_ConfigChannel  stm32l4xx_hal_tim.o
    0x08002838   0x08002838   0x000000ea   Code   RO          191    .text.HAL_TIM_IC_Init  stm32l4xx_hal_tim.o
    0x08002922   0x08002922   0x00000002   PAD
    0x08002924   0x08002924   0x00000002   Code   RO          193    .text.HAL_TIM_IC_MspInit  stm32l4xx_hal_tim.o
    0x08002926   0x08002926   0x00000002   PAD
    0x08002928   0x08002928   0x00000154   Code   RO          203    .text.HAL_TIM_IC_Start_IT  stm32l4xx_hal_tim.o
    0x08002a7c   0x08002a7c   0x0000016c   Code   RO          251    .text.HAL_TIM_IRQHandler  stm32l4xx_hal_tim.o
    0x08002be8   0x08002be8   0x00000002   Code   RO          255    .text.HAL_TIM_OC_DelayElapsedCallback  stm32l4xx_hal_tim.o
    0x08002bea   0x08002bea   0x00000002   PAD
    0x08002bec   0x08002bec   0x00000002   Code   RO          257    .text.HAL_TIM_PWM_PulseFinishedCallback  stm32l4xx_hal_tim.o
    0x08002bee   0x08002bee   0x00000002   PAD
    0x08002bf0   0x08002bf0   0x0000000e   Code   RO           55    .text.HAL_TIM_PeriodElapsedCallback  stm32l4xx_it.o
    0x08002bfe   0x08002bfe   0x00000002   PAD
    0x08002c00   0x08002c00   0x00000016   Code   RO          307    .text.HAL_TIM_ReadCapturedValue  stm32l4xx_hal_tim.o
    0x08002c16   0x08002c16   0x00000002   PAD
    0x08002c18   0x08002c18   0x00000058   Code   RO          301    .text.HAL_TIM_SlaveConfigSynchro  stm32l4xx_hal_tim.o
    0x08002c70   0x08002c70   0x00000002   Code   RO          261    .text.HAL_TIM_TriggerCallback  stm32l4xx_hal_tim.o
    0x08002c72   0x08002c72   0x00000002   PAD
    0x08002c74   0x08002c74   0x00000060   Code   RO          923    .text.HAL_UART_Init  stm32l4xx_hal_uart.o
    0x08002cd4   0x08002cd4   0x000000a4   Code   RO           71    .text.HAL_UART_MspInit  stm32l4xx_hal_msp.o
    0x08002d78   0x08002d78   0x00000160   Code   RO          943    .text.HAL_UART_Transmit  stm32l4xx_hal_uart.o
    0x08002ed8   0x08002ed8   0x00000002   Code   RO           35    .text.HardFault_Handler  stm32l4xx_it.o
    0x08002eda   0x08002eda   0x00000002   PAD
    0x08002edc   0x08002edc   0x00000002   Code   RO           37    .text.MemManage_Handler  stm32l4xx_it.o
    0x08002ede   0x08002ede   0x00000002   PAD
    0x08002ee0   0x08002ee0   0x00000002   Code   RO           33    .text.NMI_Handler   stm32l4xx_it.o
    0x08002ee2   0x08002ee2   0x00000002   PAD
    0x08002ee4   0x08002ee4   0x00000002   Code   RO           47    .text.PendSV_Handler  stm32l4xx_it.o
    0x08002ee6   0x08002ee6   0x00000002   PAD
    0x08002ee8   0x08002ee8   0x00000128   Code   RO           89    .text.RC5_DataSampling  rc5_decode.o
    0x08003010   0x08003010   0x0000005e   Code   RO           87    .text.RC5_Decode    rc5_decode.o
    0x0800306e   0x0800306e   0x00000002   PAD
    0x08003070   0x08003070   0x00000040   Code   RO           83    .text.RC5_Init_Timing  rc5_decode.o
    0x080030b0   0x080030b0   0x0000001e   Code   RO           85    .text.RC5_ResetPacket  rc5_decode.o
    0x080030ce   0x080030ce   0x00000002   PAD
    0x080030d0   0x080030d0   0x00000148   Code   RO          550    .text.RCCEx_PLLSAI1_Config  stm32l4xx_hal_rcc_ex.o
    0x08003218   0x08003218   0x00000002   Code   RO           43    .text.SVC_Handler   stm32l4xx_it.o
    0x0800321a   0x0800321a   0x00000002   PAD
    0x0800321c   0x0800321c   0x00000004   Code   RO           49    .text.SysTick_Handler  stm32l4xx_it.o
    0x08003220   0x08003220   0x000000a4   Code   RO           17    .text.SystemClock_Config  main.o
    0x080032c4   0x080032c4   0x00000012   Code   RO         1090    .text.SystemInit    system_stm32l4xx.o
    0x080032d6   0x080032d6   0x00000002   PAD
    0x080032d8   0x080032d8   0x0000000c   Code   RO           51    .text.TIM2_IRQHandler  stm32l4xx_it.o
    0x080032e4   0x080032e4   0x0000014e   Code   RO          303    .text.TIM_SlaveTimer_SetConfig  stm32l4xx_hal_tim.o
    0x08003432   0x08003432   0x00000002   PAD
    0x08003434   0x08003434   0x000000e6   Code   RO          927    .text.UART_AdvFeatureConfig  stm32l4xx_hal_uart.o
    0x0800351a   0x0800351a   0x00000002   PAD
    0x0800351c   0x0800351c   0x00000168   Code   RO          931    .text.UART_CheckIdleState  stm32l4xx_hal_uart.o
    0x08003684   0x08003684   0x00000200   Code   RO          929    .text.UART_SetConfig  stm32l4xx_hal_uart.o
    0x08003884   0x08003884   0x00000340   Code   RO          945    .text.UART_WaitOnFlagUntilTimeout  stm32l4xx_hal_uart.o
    0x08003bc4   0x08003bc4   0x00000002   Code   RO           41    .text.UsageFault_Handler  stm32l4xx_it.o
    0x08003bc6   0x08003bc6   0x00000002   PAD
    0x08003bc8   0x08003bc8   0x0000001e   Code   RO           13    .text.fputc         main.o
    0x08003be6   0x08003be6   0x00000002   PAD
    0x08003be8   0x08003be8   0x00000268   Code   RO           15    .text.main          main.o
    0x08003e50   0x08003e50   0x0000000e   Code   RO         1150    i._is_digit         c_w.l(__printf_wp.o)
    0x08003e5e   0x08003e5e   0x0000001a   Code   RO         1412    x$fpl$fpinit        fz_wm.l(fpinit.o)
    0x08003e78   0x08003e78   0x00000028   Data   RO         1123    .constdata          c_w.l(_printf_hex_int.o)
    0x08003ea0   0x08003ea0   0x00000011   Data   RO         1153    .constdata          c_w.l(__printf_flags_wp.o)
    0x08003eb1   0x08003eb1   0x00000004   Data   RO         1195    .constdata          c_w.l(sys_io_names.o)
    0x08003eb5   0x08003eb5   0x00000004   Data   RO         1196    .constdata          c_w.l(sys_io_names.o)
    0x08003eb9   0x08003eb9   0x00000004   Data   RO         1197    .constdata          c_w.l(sys_io_names.o)
    0x08003ebd   0x08003ebd   0x00000010   Data   RO         1095    .rodata.AHBPrescTable  system_stm32l4xx.o
    0x08003ecd   0x08003ecd   0x00000008   Data   RO         1096    .rodata.APBPrescTable  system_stm32l4xx.o
    0x08003ed5   0x08003ed5   0x00000003   PAD
    0x08003ed8   0x08003ed8   0x00000030   Data   RO         1097    .rodata.MSIRangeTable  system_stm32l4xx.o
    0x08003f08   0x08003f08   0x00000004   Data   RO           95    .rodata.RC5_logicTableFallingEdge  rc5_decode.o
    0x08003f0c   0x08003f0c   0x00000004   Data   RO           94    .rodata.RC5_logicTableRisingEdge  rc5_decode.o
    0x08003f10   0x08003f10   0x00000030   Data   RO          337    .rodata.cst16       stm32l4xx_hal_tim.o
    0x08003f40   0x08003f40   0x00000010   Data   RO         1049    .rodata.cst16       stm32l4xx_hal_uart.o
    0x08003f50   0x08003f50   0x00000042   Data   RO           23    .rodata.str1.1      main.o
    0x08003f92   0x08003f92   0x00000002   PAD
    0x08003f94   0x08003f94   0x00000020   Data   RO         1507    Region$$Table       anon$$obj.o


    Execution Region RW_IRAM2 (Exec base: 0x10000000, Load base: 0x08003fd0, Size: 0x00000000, Max: 0x00004000, ABSOLUTE)

    **** No section assigned to this execution region ****


    Execution Region RW_IRAM1 (Exec base: 0x20000000, Load base: 0x08003fb8, Size: 0x00000878, Max: 0x0000c000, ABSOLUTE)

    Exec Addr    Load Addr    Size         Type   Attr      Idx    E Section Name        Object

    0x20000000   0x08003fb8   0x00000004   Data   RW         1170    .data               c_w.l(stdio_streams.o)
    0x20000004   0x08003fbc   0x00000004   Data   RW         1171    .data               c_w.l(stdio_streams.o)
    0x20000008   0x08003fc0   0x00000004   Data   RW         1172    .data               c_w.l(stdio_streams.o)
    0x2000000c   0x08003fc4   0x00000008   Data   RW          503    .data..L_MergedGlobals  stm32l4xx_hal.o
    0x20000014   0x08003fcc   0x00000004   Data   RW         1094    .data.SystemCoreClock  system_stm32l4xx.o
    0x20000018        -       0x00000054   Zero   RW         1167    .bss                c_w.l(stdio_streams.o)
    0x2000006c        -       0x00000054   Zero   RW         1168    .bss                c_w.l(stdio_streams.o)
    0x200000c0        -       0x00000054   Zero   RW         1169    .bss                c_w.l(stdio_streams.o)
    0x20000114        -       0x00000060   Zero   RW         1419    .bss                c_w.l(libspace.o)
    0x20000174        -       0x00000026   Zero   RW           96    .bss..L_MergedGlobals  rc5_decode.o
    0x2000019a   0x08003fd0   0x00000002   PAD
    0x2000019c        -       0x0000004c   Zero   RW           22    .bss.htim2          main.o
    0x200001e8        -       0x00000088   Zero   RW           21    .bss.huart2         main.o
    0x20000270        -       0x00000004   Zero   RW          502    .bss.uwTick         stm32l4xx_hal.o
    0x20000274   0x08003fd0   0x00000004   PAD
    0x20000278        -       0x00000200   Zero   RW            2    HEAP                startup_stm32l432xx.o
    0x20000478        -       0x00000400   Zero   RW            1    STACK               startup_stm32l432xx.o


==============================================================================

Image component sizes


      Code (inc. data)   RO Data    RW Data    ZI Data      Debug   Object Name

       820         36         66          0        212      10460   main.o
       484          0          8          0         38       5249   rc5_decode.o
        64         26        396          0       1536        900   startup_stm32l432xx.o
       148          0          0          8          4       7697   stm32l4xx_hal.o
       196          0          0          0          0      10300   stm32l4xx_hal_cortex.o
       452          0          0          0          0       5395   stm32l4xx_hal_gpio.o
       330          0          0          0          0       9982   stm32l4xx_hal_msp.o
        18          0          0          0          0       5545   stm32l4xx_hal_pwr.o
       156          0          0          0          0       8826   stm32l4xx_hal_pwr_ex.o
      2892          0          0          0          0      12210   stm32l4xx_hal_rcc.o
       990          0          0          0          0      13960   stm32l4xx_hal_rcc_ex.o
      2612         20         48          0          0      64224   stm32l4xx_hal_tim.o
       114          0          0          0          0      23173   stm32l4xx_hal_tim_ex.o
      2382         48         16          0          0      37028   stm32l4xx_hal_uart.o
       106          0          0          0          0       5086   stm32l4xx_it.o
        18          0         72          4          0       3026   system_stm32l4xx.o

    ----------------------------------------------------------------------
     11856        130        643         12       1796     223061   Object Totals
         0          0         32          0          0          0   (incl. Generated)
        74          0          5          0          6          0   (incl. Padding)

    ----------------------------------------------------------------------

      Code (inc. data)   RO Data    RW Data    ZI Data      Debug   Library Member Name

         8          0          0          0          0         68   __main.o
       318          4         17          0          0         92   __printf_flags_wp.o
        14          0          0          0          0         68   __printf_wp.o
         0          0          0          0          0          0   __rtentry.o
        12          0          0          0          0          0   __rtentry2.o
         6          0          0          0          0          0   __rtentry4.o
        94          8          0          0          0          0   __scatter.o
        26          0          0          0          0          0   __scatter_copy.o
        28          0          0          0          0          0   __scatter_zi.o
        48          6          0          0          0         96   _printf_char_common.o
        36          4          0          0          0         80   _printf_char_file.o
         6          0          0          0          0          0   _printf_d.o
       120         16          0          0          0         92   _printf_dec.o
        88          4         40          0          0         88   _printf_hex_int.o
       178          0          0          0          0         88   _printf_intcommon.o
        78          0          0          0          0        108   _printf_pad.o
         0          0          0          0          0          0   _printf_percent.o
         4          0          0          0          0          0   _printf_percent_end.o
         6          0          0          0          0          0   _printf_x.o
        10          0          0          0          0         68   defsig_exit.o
        50          0          0          0          0         88   defsig_general.o
        80         58          0          0          0         76   defsig_rtmem_inner.o
        14          0          0          0          0         80   defsig_rtmem_outer.o
        52         38          0          0          0         76   defsig_rtred_inner.o
        14          0          0          0          0         80   defsig_rtred_outer.o
        18          0          0          0          0         80   exit.o
        76          0          0          0          0         88   fclose.o
         8          0          0          0          0         68   ferror.o
       240          6          0          0          0        128   fopen.o
       248          6          0          0          0         84   fseek.o
        66          0          0          0          0         76   ftell.o
        94          0          0          0          0         80   h1_alloc.o
        52          0          0          0          0         68   h1_extend.o
        78          0          0          0          0         80   h1_free.o
        12          0          0          0          0         84   h1_init.o
         6          0          0          0          0        152   heapauxi.o
         4          0          0          0          0        136   hguard.o
         0          0          0          0          0          0   indicate_semi.o
       138          0          0          0          0        168   init_alloc.o
       312         46          0          0          0        112   initio.o
         2          0          0          0          0          0   libinit.o
        18          0          0          0          0          0   libinit2.o
         2          0          0          0          0          0   libshutdown.o
         6          0          0          0          0          0   libshutdown2.o
         8          4          0          0         96         68   libspace.o
       240          0          0          0          0        100   lludivv7m.o
         0          0          0          0          0          0   maybetermalloc1.o
        24          4          0          0          0         84   noretval__2printf.o
        44          4          0          0          0         84   puts.o
         8          4          0          0          0         68   rt_errno_addr_intlibspace.o
         8          4          0          0          0         68   rt_heap_descriptor_intlibspace.o
        78          0          0          0          0         80   rt_memclr_w.o
         2          0          0          0          0          0   rtexit.o
        10          0          0          0          0          0   rtexit2.o
        70          0          0          0          0         80   setvbuf.o
       270          6          0          0          0        160   stdio.o
         0          0          0         12        252          0   stdio_streams.o
        62          0          0          0          0         76   strlen.o
        12          4          0          0          0         68   sys_exit.o
       102          0          0          0          0        240   sys_io.o
         0          0         12          0          0          0   sys_io_names.o
        74          0          0          0          0         80   sys_stackheap_outer.o
        14          0          0          0          0         76   sys_wrch.o
         2          0          0          0          0         68   use_no_semi.o
        26          0          0          0          0        116   fpinit.o

    ----------------------------------------------------------------------
      3740        226         69         12        348       4168   Library Totals
        16          0          0          0          0          0   (incl. Padding)

    ----------------------------------------------------------------------

      Code (inc. data)   RO Data    RW Data    ZI Data      Debug   Library Name

      3698        226         69         12        348       4052   c_w.l
        26          0          0          0          0        116   fz_wm.l

    ----------------------------------------------------------------------
      3740        226         69         12        348       4168   Library Totals

    ----------------------------------------------------------------------

==============================================================================


      Code (inc. data)   RO Data    RW Data    ZI Data      Debug   

     15596        356        712         24       2144     224885   Grand Totals
     15596        356        712         24       2144     224885   ELF Image Totals
     15596        356        712         24          0          0   ROM Totals

==============================================================================

    Total RO  Size (Code + RO Data)                16308 (  15.93kB)
    Total RW  Size (RW Data + ZI Data)              2168 (   2.12kB)
    Total ROM Size (Code + RO Data + RW Data)      16332 (  15.95kB)

==============================================================================

